Generate the report at 2025-09-12T11:44:27, GitVersion: aa25008b3778a76ae1975c839d4cc459f7f7b3b7.
+---------------+-------------+------------+------------+---------------+-------+-------+-----------+
| Endpoint      | Clock Group | Delay Type | Path Delay | Path Required | CPPR  | Slack | Freq(MHz) |
+---------------+-------------+------------+------------+---------------+-------+-------+-----------+
| exu/_6838_:D  | core_clock  | max        | 1.248f     | 1.961         | 0.000 | 0.713 | 776.850   |
| exu/_6838_:D  | core_clock  | max        | 1.240r     | 1.967         | 0.000 | 0.727 | 785.797   |
| lsu/_2759_:D  | core_clock  | max        | 1.135f     | 1.961         | 0.000 | 0.826 | 851.731   |
| clint/_702_:D | core_clock  | min        | 0.066r     | 0.006         | 0.000 | 0.060 | NA        |
| clint/_702_:D | core_clock  | min        | 0.065f     | 0.003         | 0.000 | 0.062 | NA        |
| wbu/_2736_:D  | core_clock  | min        | 0.087f     | 0.003         | 0.000 | 0.084 | NA        |
+---------------+-------------+------------+------------+---------------+-------+-------+-----------+
+------------+------------+-------+
| Clock      | Delay Type | TNS   |
+------------+------------+-------+
| core_clock | max        | 0.000 |
| core_clock | min        | 0.000 |
+------------+------------+-------+
+--------------------------------+--------+-------------+------------+------------+-------------+--------+-----------------+
| Point                          | Fanout | Capacitance | Resistance | Transition | Delta Delay | Incr   | Path            |
+--------------------------------+--------+-------------+------------+------------+-------------+--------+-----------------+
| clock (port)                   |        | 2.342       | 0.000      | 0.000      |             | 0.000  | 0.000r          |
| clock (clock net)              | 2412   |             |            |            | NA          |        |                 |
| idu/_1768_:CK (DFFR_X1)        |        | 0.001       | 0.000      | 0.000      |             | 0.000  | 0.000r          |
| clock core_clock (rise edge)   |        |             |            |            |             | 0      | 0               |
| clock network delay (ideal)    |        |             |            |            |             | 0.000  | 0.000           |
| idu/_1768_:CK (DFFR_X1)        |        | 0.001       | 0.000      | 0.000      |             | 0.000  | 0.000r          |
| idu/_1768_:Q (DFFR_X1)         |        | 0.003       | 0.000      | 0.013      |             | 0.103  | 0.103r          |
| rs2_addr[0] (net)              | 3      |             |            |            | 0.000       |        |                 |
| regfile/_13682_:A (BUF_X1)     |        | 0.001       | 0.000      | 0.013      |             | 0.000  | 0.103r          |
| regfile/_13682_:Z (BUF_X1)     |        | 0.078       | 0.000      | 0.181      |             | 0.207  | 0.310r          |
| regfile/_07182_ (net)          | 6      |             |            |            | 0.000       |        |                 |
| regfile/_10166_:A2 (NAND2_X4)  |        | 0.006       | 0.000      | 0.181      |             | 0.000  | 0.310r          |
| regfile/_10166_:ZN (NAND2_X4)  |        | 0.017       | 0.000      | 0.040      |             | 0.040  | 0.350f          |
| regfile/_05757_ (net)          | 4      |             |            |            | 0.000       |        |                 |
| regfile/_10188_:A1 (NOR3_X1)   |        | 0.002       | 0.000      | 0.040      |             | 0.000  | 0.350f          |
| regfile/_10188_:ZN (NOR3_X1)   |        | 0.009       | 0.000      | 0.079      |             | 0.104  | 0.453r          |
| regfile/_05779_ (net)          | 7      |             |            |            | 0.000       |        |                 |
| regfile/_10285_:A1 (NAND2_X1)  |        | 0.002       | 0.000      | 0.079      |             | 0.000  | 0.453r          |
| regfile/_10285_:ZN (NAND2_X1)  |        | 0.008       | 0.000      | 0.031      |             | 0.048  | 0.502f          |
| regfile/_05876_ (net)          | 5      |             |            |            | 0.000       |        |                 |
| regfile/_10286_:A (BUF_X2)     |        | 0.002       | 0.000      | 0.031      |             | 0.000  | 0.502f          |
| regfile/_10286_:Z (BUF_X2)     |        | 0.012       | 0.000      | 0.010      |             | 0.043  | 0.545f          |
| regfile/_05877_ (net)          | 10     |             |            |            | 0.000       |        |                 |
| regfile/_10444_:A (BUF_X2)     |        | 0.002       | 0.000      | 0.010      |             | 0.000  | 0.545f          |
| regfile/_10444_:Z (BUF_X2)     |        | 0.013       | 0.000      | 0.011      |             | 0.035  | 0.580f          |
| regfile/_06032_ (net)          | 10     |             |            |            | 0.000       |        |                 |
| regfile/_10786_:B1 (OAI221_X1) |        | 0.002       | 0.000      | 0.011      |             | 0.000  | 0.580f          |
| regfile/_10786_:ZN (OAI221_X1) |        | 0.002       | 0.000      | 0.037      |             | 0.046  | 0.625r          |
| regfile/_06364_ (net)          | 1      |             |            |            | 0.000       |        |                 |
| regfile/_10787_:A4 (NOR4_X1)   |        | 0.002       | 0.000      | 0.037      |             | 0.000  | 0.625r          |
| regfile/_10787_:ZN (NOR4_X1)   |        | 0.002       | 0.000      | 0.013      |             | 0.019  | 0.644f          |
| regfile/_06365_ (net)          | 1      |             |            |            | 0.000       |        |                 |
| regfile/_10802_:A1 (NAND4_X1)  |        | 0.002       | 0.000      | 0.013      |             | 0.000  | 0.644f          |
| regfile/_10802_:ZN (NAND4_X1)  |        | 0.001       | 0.000      | 0.013      |             | 0.018  | 0.662r          |
| regfile/_08254_ (net)          | 1      |             |            |            | 0.000       |        |                 |
| regfile/_13698_:A (BUF_X1)     |        | 0.001       | 0.000      | 0.013      |             | 0.000  | 0.662r          |
| regfile/_13698_:Z (BUF_X1)     |        | 0.002       | 0.000      | 0.008      |             | 0.024  | 0.686r          |
| rs2_data[13] (net)             | 2      |             |            |            | 0.000       |        |                 |
| idu/_1682_:A (BUF_X1)          |        | 0.001       | 0.000      | 0.008      |             | 0.000  | 0.686r          |
| idu/_1682_:Z (BUF_X1)          |        | 0.011       | 0.000      | 0.030      |             | 0.047  | 0.733r          |
| idu/_0747_ (net)               | 3      |             |            |            | 0.000       |        |                 |
| idu/_1105_:A2 (NAND2_X4)       |        | 0.006       | 0.000      | 0.030      |             | 0.000  | 0.733r          |
| idu/_1105_:ZN (NAND2_X4)       |        | 0.004       | 0.000      | 0.008      |             | 0.016  | 0.749f          |
| idu/_0533_ (net)               | 2      |             |            |            | 0.000       |        |                 |
| idu/_1107_:A (OAI21_X2)        |        | 0.003       | 0.000      | 0.008      |             | 0.000  | 0.749f          |
| idu/_1107_:ZN (OAI21_X2)       |        | 0.003       | 0.000      | 0.020      |             | 0.019  | 0.768r          |
| idu/_0535_ (net)               | 1      |             |            |            | 0.000       |        |                 |
| idu/_1108_:B (AOI211_X2)       |        | 0.003       | 0.000      | 0.020      |             | 0.000  | 0.768r          |
| idu/_1108_:ZN (AOI211_X2)      |        | 0.002       | 0.000      | 0.011      |             | 0.016  | 0.785f          |
| idu/_0536_ (net)               | 2      |             |            |            | 0.000       |        |                 |
| idu/_1117_:A1 (AND3_X2)        |        | 0.002       | 0.000      | 0.011      |             | 0.000  | 0.785f          |
| idu/_1117_:ZN (AND3_X2)        |        | 0.004       | 0.000      | 0.007      |             | 0.031  | 0.816f          |
| idu/_0545_ (net)               | 3      |             |            |            | 0.000       |        |                 |
| idu/_1123_:A (OAI21_X1)        |        | 0.002       | 0.000      | 0.007      |             | 0.000  | 0.816f          |
| idu/_1123_:ZN (OAI21_X1)       |        | 0.002       | 0.000      | 0.020      |             | 0.019  | 0.835r          |
| idu/_0551_ (net)               | 1      |             |            |            | 0.000       |        |                 |
| idu/_1130_:A1 (NAND2_X1)       |        | 0.002       | 0.000      | 0.020      |             | 0.000  | 0.835r          |
| idu/_1130_:ZN (NAND2_X1)       |        | 0.001       | 0.000      | 0.009      |             | 0.016  | 0.851f          |
| idu/_0558_ (net)               | 1      |             |            |            | 0.000       |        |                 |
| idu/_1134_:A2 (OR4_X2)         |        | 0.002       | 0.000      | 0.009      |             | 0.000  | 0.851f          |
| idu/_1134_:ZN (OR4_X2)         |        | 0.003       | 0.000      | 0.016      |             | 0.094  | 0.946f          |
| idu/_0562_ (net)               | 1      |             |            |            | 0.000       |        |                 |
| idu/_1173_:B1 (OAI21_X2)       |        | 0.003       | 0.000      | 0.016      |             | 0.000  | 0.946f          |
| idu/_1173_:ZN (OAI21_X2)       |        | 0.005       | 0.000      | 0.022      |             | 0.034  | 0.979r          |
| idu/_0601_ (net)               | 2      |             |            |            | 0.000       |        |                 |
| idu/_1210_:A1 (NAND3_X1)       |        | 0.002       | 0.000      | 0.022      |             | 0.000  | 0.979r          |
| idu/_1210_:ZN (NAND3_X1)       |        | 0.003       | 0.000      | 0.017      |             | 0.029  | 1.008f          |
| idu/_0638_ (net)               | 2      |             |            |            | 0.000       |        |                 |
| idu/_1219_:A1 (NAND4_X1)       |        | 0.002       | 0.000      | 0.017      |             | 0.000  | 1.008f          |
| idu/_1219_:ZN (NAND4_X1)       |        | 0.003       | 0.000      | 0.020      |             | 0.027  | 1.035r          |
| idu/_0647_ (net)               | 1      |             |            |            | 0.000       |        |                 |
| idu/_1225_:A1 (AND4_X4)        |        | 0.003       | 0.000      | 0.020      |             | 0.000  | 1.035r          |
| idu/_1225_:ZN (AND4_X4)        |        | 0.003       | 0.000      | 0.010      |             | 0.047  | 1.082r          |
| idu/_0653_ (net)               | 1      |             |            |            | 0.000       |        |                 |
| idu/_1228_:C1 (AOI211_X2)      |        | 0.003       | 0.000      | 0.010      |             | 0.000  | 1.082r          |
| idu/_1228_:ZN (AOI211_X2)      |        | 0.001       | 0.000      | 0.009      |             | 0.012  | 1.094f          |
| idu/_0225_ (net)               | 1      |             |            |            | 0.000       |        |                 |
| idu/_1710_:A (BUF_X1)          |        | 0.001       | 0.000      | 0.009      |             | 0.000  | 1.094f          |
| idu/_1710_:Z (BUF_X1)          |        | 0.001       | 0.000      | 0.005      |             | 0.025  | 1.119f          |
| idu/Branch (net)               | 1      |             |            |            | 0.000       |        |                 |
| idu/_1241_:A (BUF_X1)          |        | 0.001       | 0.000      | 0.005      |             | 0.000  | 1.119f          |
| idu/_1241_:Z (BUF_X1)          |        | 0.001       | 0.000      | 0.005      |             | 0.023  | 1.143f          |
| id_ex_ctrl[13] (net)           | 1      |             |            |            | 0.000       |        |                 |
| exu/_6460_:A (BUF_X1)          |        | 0.001       | 0.000      | 0.005      |             | 0.000  | 1.143f          |
| exu/_6460_:Z (BUF_X1)          |        | 0.001       | 0.000      | 0.005      |             | 0.023  | 1.166f          |
| exu/_0563_ (net)               | 1      |             |            |            | 0.000       |        |                 |
| exu/_5842_:B (MUX2_X1)         |        | 0.001       | 0.000      | 0.005      |             | 0.000  | 1.166f          |
| exu/_5842_:Z (MUX2_X1)         |        | 0.001       | 0.000      | 0.009      |             | 0.054  | 1.220f          |
| exu/_0250_ (net)               | 1      |             |            |            | 0.000       |        |                 |
| exu/_6461_:A (BUF_X1)          |        | 0.001       | 0.000      | 0.009      |             | 0.000  | 1.220f          |
| exu/_6461_:Z (BUF_X1)          |        | 0.001       | 0.000      | 0.006      |             | 0.028  | 1.248f          |
| exu/_0004_ (net)               | 1      |             |            |            | 0.000       |        |                 |
| exu/_6838_:D (DFFR_X1)         |        | 0.001       | 0.000      | 0.006      |             | 0.000  | 1.248f          |
|                                |        |             |            |            |             |        |                 |
| clock (port)                   |        | 2.342       | 0.000      | 0.000      |             | 0.000  | 0.000r          |
| clock (clock net)              | 2412   |             |            |            | NA          |        |                 |
| exu/_6838_:CK (DFFR_X1)        |        | 0.001       | 0.000      | 0.000      |             | 0.000  | 0.000r          |
| clock core_clock (rise edge)   |        |             |            |            |             | 2      | 2               |
| clock network delay (ideal)    |        |             |            |            |             | 0.000  | 2.000           |
| exu/_6838_:CK (DFFR_X1)        |        |             |            |            |             |        | 2.000r          |
| library setup time             |        |             |            |            |             | -0.039 | 1.961           |
| clock reconvergence pessimism  |        |             |            |            |             | 0.000  | 1.961           |
|                                |        |             |            |            |             |        |                 |
| path cell delay                |        |             |            |            |             |        | 1.248(100.000%) |
| path net delay                 |        |             |            |            |             |        | 0.000(0.000%)   |
|                                |        |             |            |            |             |        |                 |
| data require time              |        |             |            |            |             |        | 1.961           |
| data arrival time              |        |             |            |            |             |        | 1.248           |
| slack (MET)                    |        |             |            |            |             |        | 0.713           |
+--------------------------------+--------+-------------+------------+------------+-------------+--------+-----------------+
+--------------------------------+--------+-------------+------------+------------+-------------+--------+-----------------+
| Point                          | Fanout | Capacitance | Resistance | Transition | Delta Delay | Incr   | Path            |
+--------------------------------+--------+-------------+------------+------------+-------------+--------+-----------------+
| clock (port)                   |        | 2.342       | 0.000      | 0.000      |             | 0.000  | 0.000r          |
| clock (clock net)              | 2412   |             |            |            | NA          |        |                 |
| idu/_1766_:CK (DFFR_X1)        |        | 0.001       | 0.000      | 0.000      |             | 0.000  | 0.000r          |
| clock core_clock (rise edge)   |        |             |            |            |             | 0      | 0               |
| clock network delay (ideal)    |        |             |            |            |             | 0.000  | 0.000           |
| idu/_1766_:CK (DFFR_X1)        |        | 0.001       | 0.000      | 0.000      |             | 0.000  | 0.000r          |
| idu/_1766_:Q (DFFR_X1)         |        | 0.003       | 0.000      | 0.013      |             | 0.103  | 0.103r          |
| rs1_addr[3] (net)              | 3      |             |            |            | 0.000       |        |                 |
| regfile/_12622_:A (BUF_X1)     |        | 0.001       | 0.000      | 0.013      |             | 0.000  | 0.103r          |
| regfile/_12622_:Z (BUF_X1)     |        | 0.067       | 0.000      | 0.158      |             | 0.183  | 0.286r          |
| regfile/_07180_ (net)          | 8      |             |            |            | 0.000       |        |                 |
| regfile/_08389_:A (INV_X32)    |        | 0.049       | 0.000      | 0.158      |             | 0.000  | 0.286r          |
| regfile/_08389_:ZN (INV_X32)   |        | 0.024       | 0.000      | 0.025      |             | -0.002 | 0.284f          |
| regfile/_04012_ (net)          | 7      |             |            |            | 0.000       |        |                 |
| regfile/_08408_:A2 (NOR3_X2)   |        | 0.003       | 0.000      | 0.025      |             | 0.000  | 0.284f          |
| regfile/_08408_:ZN (NOR3_X2)   |        | 0.018       | 0.000      | 0.079      |             | 0.105  | 0.389r          |
| regfile/_04031_ (net)          | 10     |             |            |            | 0.000       |        |                 |
| regfile/_08838_:A1 (AND2_X1)   |        | 0.001       | 0.000      | 0.079      |             | 0.000  | 0.389r          |
| regfile/_08838_:ZN (AND2_X1)   |        | 0.003       | 0.000      | 0.015      |             | 0.054  | 0.443r          |
| regfile/_04454_ (net)          | 1      |             |            |            | 0.000       |        |                 |
| regfile/_08839_:A (BUF_X4)     |        | 0.003       | 0.000      | 0.015      |             | 0.000  | 0.443r          |
| regfile/_08839_:Z (BUF_X4)     |        | 0.017       | 0.000      | 0.013      |             | 0.030  | 0.473r          |
| regfile/_04455_ (net)          | 10     |             |            |            | 0.000       |        |                 |
| regfile/_09177_:C2 (AOI211_X4) |        | 0.002       | 0.000      | 0.013      |             | 0.000  | 0.473r          |
| regfile/_09177_:ZN (AOI211_X4) |        | 0.001       | 0.000      | 0.004      |             | 0.044  | 0.517f          |
| regfile/_04787_ (net)          | 1      |             |            |            | 0.000       |        |                 |
| regfile/_09191_:A2 (AND4_X1)   |        | 0.001       | 0.000      | 0.004      |             | 0.000  | 0.517f          |
| regfile/_09191_:ZN (AND4_X1)   |        | 0.002       | 0.000      | 0.008      |             | 0.033  | 0.551f          |
| regfile/_04801_ (net)          | 1      |             |            |            | 0.000       |        |                 |
| regfile/_09215_:A1 (NAND4_X1)  |        | 0.002       | 0.000      | 0.008      |             | 0.000  | 0.551f          |
| regfile/_09215_:ZN (NAND4_X1)  |        | 0.001       | 0.000      | 0.013      |             | 0.015  | 0.566r          |
| regfile/_08222_ (net)          | 1      |             |            |            | 0.000       |        |                 |
| regfile/_13085_:A (BUF_X1)     |        | 0.001       | 0.000      | 0.013      |             | 0.000  | 0.566r          |
| regfile/_13085_:Z (BUF_X1)     |        | 0.002       | 0.000      | 0.008      |             | 0.024  | 0.590r          |
| rs1_data[13] (net)             | 2      |             |            |            | 0.000       |        |                 |
| idu/_1683_:A (BUF_X1)          |        | 0.001       | 0.000      | 0.008      |             | 0.000  | 0.590r          |
| idu/_1683_:Z (BUF_X1)          |        | 0.049       | 0.000      | 0.117      |             | 0.138  | 0.728r          |
| idu/_0710_ (net)               | 1      |             |            |            | 0.000       |        |                 |
| idu/_1103_:A (INV_X32)         |        | 0.049       | 0.000      | 0.117      |             | 0.000  | 0.728r          |
| idu/_1103_:ZN (INV_X32)        |        | 0.010       | 0.000      | 0.019      |             | -0.001 | 0.727f          |
| idu/_0531_ (net)               | 3      |             |            |            | 0.000       |        |                 |
| idu/_1105_:A1 (NAND2_X4)       |        | 0.006       | 0.000      | 0.019      |             | 0.000  | 0.727f          |
| idu/_1105_:ZN (NAND2_X4)       |        | 0.005       | 0.000      | 0.009      |             | 0.017  | 0.744r          |
| idu/_0533_ (net)               | 2      |             |            |            | 0.000       |        |                 |
| idu/_1107_:A (OAI21_X2)        |        | 0.003       | 0.000      | 0.009      |             | 0.000  | 0.744r          |
| idu/_1107_:ZN (OAI21_X2)       |        | 0.003       | 0.000      | 0.011      |             | 0.019  | 0.763f          |
| idu/_0535_ (net)               | 1      |             |            |            | 0.000       |        |                 |
| idu/_1108_:B (AOI211_X2)       |        | 0.003       | 0.000      | 0.011      |             | 0.000  | 0.763f          |
| idu/_1108_:ZN (AOI211_X2)      |        | 0.003       | 0.000      | 0.035      |             | 0.049  | 0.812r          |
| idu/_0536_ (net)               | 2      |             |            |            | 0.000       |        |                 |
| idu/_1117_:A1 (AND3_X2)        |        | 0.002       | 0.000      | 0.035      |             | 0.000  | 0.812r          |
| idu/_1117_:ZN (AND3_X2)        |        | 0.004       | 0.000      | 0.012      |             | 0.051  | 0.863r          |
| idu/_0545_ (net)               | 3      |             |            |            | 0.000       |        |                 |
| idu/_1211_:A1 (AND2_X2)        |        | 0.002       | 0.000      | 0.012      |             | 0.000  | 0.863r          |
| idu/_1211_:ZN (AND2_X2)        |        | 0.006       | 0.000      | 0.013      |             | 0.036  | 0.898r          |
| idu/_0639_ (net)               | 1      |             |            |            | 0.000       |        |                 |
| idu/_1212_:A (INV_X4)          |        | 0.006       | 0.000      | 0.013      |             | 0.000  | 0.898r          |
| idu/_1212_:ZN (INV_X4)         |        | 0.005       | 0.000      | 0.005      |             | 0.009  | 0.907f          |
| idu/_0640_ (net)               | 1      |             |            |            | 0.000       |        |                 |
| idu/_1216_:A1 (NOR4_X4)        |        | 0.007       | 0.000      | 0.005      |             | 0.000  | 0.907f          |
| idu/_1216_:ZN (NOR4_X4)        |        | 0.003       | 0.000      | 0.037      |             | 0.036  | 0.943r          |
| idu/_0644_ (net)               | 2      |             |            |            | 0.000       |        |                 |
| idu/_1217_:A1 (AND2_X2)        |        | 0.002       | 0.000      | 0.037      |             | 0.000  | 0.943r          |
| idu/_1217_:ZN (AND2_X2)        |        | 0.008       | 0.000      | 0.015      |             | 0.046  | 0.989r          |
| idu/_0645_ (net)               | 4      |             |            |            | 0.000       |        |                 |
| idu/_1222_:A (AOI21_X2)        |        | 0.003       | 0.000      | 0.015      |             | 0.000  | 0.989r          |
| idu/_1222_:ZN (AOI21_X2)       |        | 0.004       | 0.000      | 0.011      |             | 0.016  | 1.005f          |
| idu/_0650_ (net)               | 2      |             |            |            | 0.000       |        |                 |
| idu/_1224_:A1 (OR3_X4)         |        | 0.003       | 0.000      | 0.011      |             | 0.000  | 1.005f          |
| idu/_1224_:ZN (OR3_X4)         |        | 0.003       | 0.000      | 0.011      |             | 0.056  | 1.061f          |
| idu/_0652_ (net)               | 1      |             |            |            | 0.000       |        |                 |
| idu/_1225_:A4 (AND4_X4)        |        | 0.004       | 0.000      | 0.011      |             | 0.000  | 1.061f          |
| idu/_1225_:ZN (AND4_X4)        |        | 0.003       | 0.000      | 0.006      |             | 0.035  | 1.096f          |
| idu/_0653_ (net)               | 1      |             |            |            | 0.000       |        |                 |
| idu/_1228_:C1 (AOI211_X2)      |        | 0.003       | 0.000      | 0.006      |             | 0.000  | 1.096f          |
| idu/_1228_:ZN (AOI211_X2)      |        | 0.001       | 0.000      | 0.028      |             | 0.027  | 1.123r          |
| idu/_0225_ (net)               | 1      |             |            |            | 0.000       |        |                 |
| idu/_1710_:A (BUF_X1)          |        | 0.001       | 0.000      | 0.028      |             | 0.000  | 1.123r          |
| idu/_1710_:Z (BUF_X1)          |        | 0.001       | 0.000      | 0.006      |             | 0.025  | 1.148r          |
| idu/Branch (net)               | 1      |             |            |            | 0.000       |        |                 |
| idu/_1241_:A (BUF_X1)          |        | 0.001       | 0.000      | 0.006      |             | 0.000  | 1.148r          |
| idu/_1241_:Z (BUF_X1)          |        | 0.001       | 0.000      | 0.006      |             | 0.019  | 1.167r          |
| id_ex_ctrl[13] (net)           | 1      |             |            |            | 0.000       |        |                 |
| exu/_6460_:A (BUF_X1)          |        | 0.001       | 0.000      | 0.006      |             | 0.000  | 1.167r          |
| exu/_6460_:Z (BUF_X1)          |        | 0.001       | 0.000      | 0.006      |             | 0.019  | 1.186r          |
| exu/_0563_ (net)               | 1      |             |            |            | 0.000       |        |                 |
| exu/_5842_:B (MUX2_X1)         |        | 0.001       | 0.000      | 0.006      |             | 0.000  | 1.186r          |
| exu/_5842_:Z (MUX2_X1)         |        | 0.001       | 0.000      | 0.008      |             | 0.032  | 1.218r          |
| exu/_0250_ (net)               | 1      |             |            |            | 0.000       |        |                 |
| exu/_6461_:A (BUF_X1)          |        | 0.001       | 0.000      | 0.008      |             | 0.000  | 1.218r          |
| exu/_6461_:Z (BUF_X1)          |        | 0.001       | 0.000      | 0.008      |             | 0.022  | 1.240r          |
| exu/_0004_ (net)               | 1      |             |            |            | 0.000       |        |                 |
| exu/_6838_:D (DFFR_X1)         |        | 0.001       | 0.000      | 0.008      |             | 0.000  | 1.240r          |
|                                |        |             |            |            |             |        |                 |
| clock (port)                   |        | 2.342       | 0.000      | 0.000      |             | 0.000  | 0.000r          |
| clock (clock net)              | 2412   |             |            |            | NA          |        |                 |
| exu/_6838_:CK (DFFR_X1)        |        | 0.001       | 0.000      | 0.000      |             | 0.000  | 0.000r          |
| clock core_clock (rise edge)   |        |             |            |            |             | 2      | 2               |
| clock network delay (ideal)    |        |             |            |            |             | 0.000  | 2.000           |
| exu/_6838_:CK (DFFR_X1)        |        |             |            |            |             |        | 2.000r          |
| library setup time             |        |             |            |            |             | -0.033 | 1.967           |
| clock reconvergence pessimism  |        |             |            |            |             | 0.000  | 1.967           |
|                                |        |             |            |            |             |        |                 |
| path cell delay                |        |             |            |            |             |        | 1.240(100.000%) |
| path net delay                 |        |             |            |            |             |        | 0.000(0.000%)   |
|                                |        |             |            |            |             |        |                 |
| data require time              |        |             |            |            |             |        | 1.967           |
| data arrival time              |        |             |            |            |             |        | 1.240           |
| slack (MET)                    |        |             |            |            |             |        | 0.727           |
+--------------------------------+--------+-------------+------------+------------+-------------+--------+-----------------+
+-------------------------------+--------+-------------+------------+------------+-------------+--------+-----------------+
| Point                         | Fanout | Capacitance | Resistance | Transition | Delta Delay | Incr   | Path            |
+-------------------------------+--------+-------------+------------+------------+-------------+--------+-----------------+
| clock (port)                  |        | 2.342       | 0.000      | 0.000      |             | 0.000  | 0.000r          |
| clock (clock net)             | 2412   |             |            |            | NA          |        |                 |
| exu/_6825_:CK (DFFR_X1)       |        | 0.001       | 0.000      | 0.000      |             | 0.000  | 0.000r          |
| clock core_clock (rise edge)  |        |             |            |            |             | 0      | 0               |
| clock network delay (ideal)   |        |             |            |            |             | 0.000  | 0.000           |
| exu/_6825_:CK (DFFR_X1)       |        | 0.001       | 0.000      | 0.000      |             | 0.000  | 0.000r          |
| exu/_6825_:Q (DFFR_X1)        |        | 0.002       | 0.000      | 0.011      |             | 0.100  | 0.100r          |
| exu/ALUSrc (net)              | 2      |             |            |            | 0.000       |        |                 |
| exu/_5977_:A (BUF_X1)         |        | 0.001       | 0.000      | 0.011      |             | 0.000  | 0.100r          |
| exu/_5977_:Z (BUF_X1)         |        | 0.012       | 0.000      | 0.032      |             | 0.050  | 0.151r          |
| exu/_0432_ (net)              | 5      |             |            |            | 0.000       |        |                 |
| fanout_buf_4:A (BUF_X8)       |        | 0.007       | 0.000      | 0.032      |             | 0.000  | 0.151r          |
| fanout_buf_4:Z (BUF_X8)       |        | 0.109       | 0.000      | 0.035      |             | 0.057  | 0.207r          |
| fanout_net_4 (net)            | 30     |             |            |            | 0.000       |        |                 |
| exu/_3427_:A (INV_X32)        |        | 0.049       | 0.000      | 0.035      |             | 0.000  | 0.207r          |
| exu/_3427_:ZN (INV_X32)       |        | 0.044       | 0.000      | 0.009      |             | 0.010  | 0.217f          |
| exu/_2830_ (net)              | 5      |             |            |            | 0.000       |        |                 |
| exu/_3529_:A1 (NAND2_X4)      |        | 0.006       | 0.000      | 0.009      |             | 0.000  | 0.217f          |
| exu/_3529_:ZN (NAND2_X4)      |        | 0.013       | 0.000      | 0.013      |             | 0.018  | 0.235r          |
| exu/_2932_ (net)              | 6      |             |            |            | 0.000       |        |                 |
| exu/_3531_:A1 (NAND2_X4)      |        | 0.006       | 0.000      | 0.013      |             | 0.000  | 0.235r          |
| exu/_3531_:ZN (NAND2_X4)      |        | 0.007       | 0.000      | 0.008      |             | 0.014  | 0.250f          |
| exu/_2934_ (net)              | 2      |             |            |            | 0.000       |        |                 |
| exu/_3532_:A (BUF_X8)         |        | 0.007       | 0.000      | 0.008      |             | 0.000  | 0.250f          |
| exu/_3532_:Z (BUF_X8)         |        | 0.019       | 0.000      | 0.006      |             | 0.026  | 0.276f          |
| exu/_2935_ (net)              | 10     |             |            |            | 0.000       |        |                 |
| exu/_3533_:A1 (AND2_X4)       |        | 0.003       | 0.000      | 0.006      |             | 0.000  | 0.276f          |
| exu/_3533_:ZN (AND2_X4)       |        | 0.009       | 0.000      | 0.006      |             | 0.027  | 0.302f          |
| exu/_2936_ (net)              | 5      |             |            |            | 0.000       |        |                 |
| exu/_3534_:A2 (OR2_X4)        |        | 0.003       | 0.000      | 0.006      |             | 0.000  | 0.302f          |
| exu/_3534_:ZN (OR2_X4)        |        | 0.005       | 0.000      | 0.008      |             | 0.044  | 0.347f          |
| exu/_2937_ (net)              | 3      |             |            |            | 0.000       |        |                 |
| exu/_3536_:A1 (AND2_X4)       |        | 0.003       | 0.000      | 0.008      |             | 0.000  | 0.347f          |
| exu/_3536_:ZN (AND2_X4)       |        | 0.007       | 0.000      | 0.006      |             | 0.027  | 0.374f          |
| exu/_2939_ (net)              | 2      |             |            |            | 0.000       |        |                 |
| exu/_3546_:A1 (NOR3_X4)       |        | 0.007       | 0.000      | 0.006      |             | 0.000  | 0.374f          |
| exu/_3546_:ZN (NOR3_X4)       |        | 0.008       | 0.000      | 0.030      |             | 0.034  | 0.407r          |
| exu/_2949_ (net)              | 3      |             |            |            | 0.000       |        |                 |
| exu/_3553_:B1 (OAI21_X2)      |        | 0.003       | 0.000      | 0.030      |             | 0.000  | 0.407r          |
| exu/_3553_:ZN (OAI21_X2)      |        | 0.003       | 0.000      | 0.011      |             | 0.019  | 0.427f          |
| exu/_2956_ (net)              | 2      |             |            |            | 0.000       |        |                 |
| exu/_3554_:A2 (AND2_X2)       |        | 0.002       | 0.000      | 0.011      |             | 0.000  | 0.427f          |
| exu/_3554_:ZN (AND2_X2)       |        | 0.006       | 0.000      | 0.007      |             | 0.033  | 0.460f          |
| exu/_2957_ (net)              | 3      |             |            |            | 0.000       |        |                 |
| exu/_3555_:A (INV_X2)         |        | 0.003       | 0.000      | 0.007      |             | 0.000  | 0.460f          |
| exu/_3555_:ZN (INV_X2)        |        | 0.005       | 0.000      | 0.009      |             | 0.014  | 0.474r          |
| exu/_2958_ (net)              | 2      |             |            |            | 0.000       |        |                 |
| exu/_3594_:A1 (AND3_X4)       |        | 0.003       | 0.000      | 0.009      |             | 0.000  | 0.474r          |
| exu/_3594_:ZN (AND3_X4)       |        | 0.005       | 0.000      | 0.009      |             | 0.036  | 0.510r          |
| exu/_2997_ (net)              | 2      |             |            |            | 0.000       |        |                 |
| exu/_3618_:C1 (OAI211_X2)     |        | 0.003       | 0.000      | 0.009      |             | 0.000  | 0.510r          |
| exu/_3618_:ZN (OAI211_X2)     |        | 0.004       | 0.000      | 0.017      |             | 0.021  | 0.531f          |
| exu/_3021_ (net)              | 3      |             |            |            | 0.000       |        |                 |
| exu/_3638_:A1 (AND2_X2)       |        | 0.002       | 0.000      | 0.017      |             | 0.000  | 0.531f          |
| exu/_3638_:ZN (AND2_X2)       |        | 0.003       | 0.000      | 0.006      |             | 0.031  | 0.562f          |
| exu/_3041_ (net)              | 1      |             |            |            | 0.000       |        |                 |
| exu/_3664_:A1 (OR4_X4)        |        | 0.003       | 0.000      | 0.006      |             | 0.000  | 0.562f          |
| exu/_3664_:ZN (OR4_X4)        |        | 0.004       | 0.000      | 0.016      |             | 0.072  | 0.634f          |
| exu/_3067_ (net)              | 2      |             |            |            | 0.000       |        |                 |
| exu/_3675_:A1 (AND2_X4)       |        | 0.003       | 0.000      | 0.016      |             | 0.000  | 0.634f          |
| exu/_3675_:ZN (AND2_X4)       |        | 0.006       | 0.000      | 0.006      |             | 0.030  | 0.664f          |
| exu/_0790_ (net)              | 1      |             |            |            | 0.000       |        |                 |
| exu/_3676_:A (INV_X4)         |        | 0.006       | 0.000      | 0.006      |             | 0.000  | 0.664f          |
| exu/_3676_:ZN (INV_X4)        |        | 0.008       | 0.000      | 0.007      |             | 0.012  | 0.676r          |
| exu/_0791_ (net)              | 2      |             |            |            | 0.000       |        |                 |
| exu/_3691_:A1 (NAND3_X4)      |        | 0.006       | 0.000      | 0.007      |             | 0.000  | 0.676r          |
| exu/_3691_:ZN (NAND3_X4)      |        | 0.003       | 0.000      | 0.011      |             | 0.015  | 0.691f          |
| exu/_0806_ (net)              | 1      |             |            |            | 0.000       |        |                 |
| exu/_3697_:A1 (AND2_X4)       |        | 0.003       | 0.000      | 0.011      |             | 0.000  | 0.691f          |
| exu/_3697_:ZN (AND2_X4)       |        | 0.007       | 0.000      | 0.006      |             | 0.028  | 0.719f          |
| exu/_0812_ (net)              | 4      |             |            |            | 0.000       |        |                 |
| exu/_3704_:A1 (OR2_X2)        |        | 0.002       | 0.000      | 0.006      |             | 0.000  | 0.719f          |
| exu/_3704_:ZN (OR2_X2)        |        | 0.002       | 0.000      | 0.009      |             | 0.040  | 0.760f          |
| exu/_0819_ (net)              | 2      |             |            |            | 0.000       |        |                 |
| exu/_3708_:B1 (AOI21_X1)      |        | 0.002       | 0.000      | 0.009      |             | 0.000  | 0.760f          |
| exu/_3708_:ZN (AOI21_X1)      |        | 0.001       | 0.000      | 0.018      |             | 0.022  | 0.782r          |
| exu/_0823_ (net)              | 1      |             |            |            | 0.000       |        |                 |
| exu/_3712_:A1 (OR3_X1)        |        | 0.001       | 0.000      | 0.018      |             | 0.000  | 0.782r          |
| exu/_3712_:ZN (OR3_X1)        |        | 0.002       | 0.000      | 0.009      |             | 0.028  | 0.810r          |
| exu/_0827_ (net)              | 1      |             |            |            | 0.000       |        |                 |
| exu/_3863_:A1 (NAND4_X1)      |        | 0.002       | 0.000      | 0.009      |             | 0.000  | 0.810r          |
| exu/_3863_:ZN (NAND4_X1)      |        | 0.001       | 0.000      | 0.017      |             | 0.024  | 0.834f          |
| exu/_0978_ (net)              | 1      |             |            |            | 0.000       |        |                 |
| exu/_3884_:A1 (NOR4_X1)       |        | 0.002       | 0.000      | 0.017      |             | 0.000  | 0.834f          |
| exu/_3884_:ZN (NOR4_X1)       |        | 0.002       | 0.000      | 0.045      |             | 0.052  | 0.886r          |
| exu/_0999_ (net)              | 1      |             |            |            | 0.000       |        |                 |
| exu/_3898_:B1 (AOI21_X1)      |        | 0.002       | 0.000      | 0.045      |             | 0.000  | 0.886r          |
| exu/_3898_:ZN (AOI21_X1)      |        | 0.002       | 0.000      | 0.015      |             | 0.021  | 0.908f          |
| exu/_3069_ (net)              | 2      |             |            |            | 0.000       |        |                 |
| exu/_5291_:B (MUX2_X1)        |        | 0.001       | 0.000      | 0.015      |             | 0.000  | 0.908f          |
| exu/_5291_:Z (MUX2_X1)        |        | 0.002       | 0.000      | 0.010      |             | 0.062  | 0.969f          |
| exu/_2374_ (net)              | 1      |             |            |            | 0.000       |        |                 |
| exu/_5299_:A1 (NAND3_X1)      |        | 0.002       | 0.000      | 0.010      |             | 0.000  | 0.969f          |
| exu/_5299_:ZN (NAND3_X1)      |        | 0.002       | 0.000      | 0.012      |             | 0.017  | 0.987r          |
| exu/_2382_ (net)              | 1      |             |            |            | 0.000       |        |                 |
| exu/_5302_:A (OAI21_X1)       |        | 0.002       | 0.000      | 0.012      |             | 0.000  | 0.987r          |
| exu/_5302_:ZN (OAI21_X1)      |        | 0.001       | 0.000      | 0.010      |             | 0.017  | 1.004f          |
| exu/_3118_ (net)              | 1      |             |            |            | 0.000       |        |                 |
| exu/_6195_:A (BUF_X1)         |        | 0.001       | 0.000      | 0.010      |             | 0.000  | 1.004f          |
| exu/_6195_:Z (BUF_X1)         |        | 0.001       | 0.000      | 0.005      |             | 0.026  | 1.030f          |
| ex_me_npc[0] (net)            | 1      |             |            |            | 0.000       |        |                 |
| lsu/_2581_:A (BUF_X1)         |        | 0.001       | 0.000      | 0.005      |             | 0.000  | 1.030f          |
| lsu/_2581_:Z (BUF_X1)         |        | 0.001       | 0.000      | 0.005      |             | 0.023  | 1.053f          |
| lsu/_0707_ (net)              | 1      |             |            |            | 0.000       |        |                 |
| lsu/_1926_:B (MUX2_X1)        |        | 0.001       | 0.000      | 0.005      |             | 0.000  | 1.053f          |
| lsu/_1926_:Z (MUX2_X1)        |        | 0.001       | 0.000      | 0.009      |             | 0.054  | 1.107f          |
| lsu/_0354_ (net)              | 1      |             |            |            | 0.000       |        |                 |
| lsu/_2583_:A (BUF_X1)         |        | 0.001       | 0.000      | 0.009      |             | 0.000  | 1.107f          |
| lsu/_2583_:Z (BUF_X1)         |        | 0.001       | 0.000      | 0.006      |             | 0.028  | 1.135f          |
| lsu/_0118_ (net)              | 1      |             |            |            | 0.000       |        |                 |
| lsu/_2759_:D (DFF_X1)         |        | 0.001       | 0.000      | 0.006      |             | 0.000  | 1.135f          |
|                               |        |             |            |            |             |        |                 |
| clock (port)                  |        | 2.342       | 0.000      | 0.000      |             | 0.000  | 0.000r          |
| clock (clock net)             | 2412   |             |            |            | NA          |        |                 |
| lsu/_2759_:CK (DFF_X1)        |        | 0.001       | 0.000      | 0.000      |             | 0.000  | 0.000r          |
| clock core_clock (rise edge)  |        |             |            |            |             | 2      | 2               |
| clock network delay (ideal)   |        |             |            |            |             | 0.000  | 2.000           |
| lsu/_2759_:CK (DFF_X1)        |        |             |            |            |             |        | 2.000r          |
| library setup time            |        |             |            |            |             | -0.039 | 1.961           |
| clock reconvergence pessimism |        |             |            |            |             | 0.000  | 1.961           |
|                               |        |             |            |            |             |        |                 |
| path cell delay               |        |             |            |            |             |        | 1.135(100.000%) |
| path net delay                |        |             |            |            |             |        | 0.000(0.000%)   |
|                               |        |             |            |            |             |        |                 |
| data require time             |        |             |            |            |             |        | 1.961           |
| data arrival time             |        |             |            |            |             |        | 1.135           |
| slack (MET)                   |        |             |            |            |             |        | 0.826           |
+-------------------------------+--------+-------------+------------+------------+-------------+--------+-----------------+
+-------------------------------+--------+-------------+------------+------------+-------------+--------+-----------------+
| Point                         | Fanout | Capacitance | Resistance | Transition | Delta Delay | Incr   | Path            |
+-------------------------------+--------+-------------+------------+------------+-------------+--------+-----------------+
| clock (port)                  |        | 2.342       | 0.000      | 0.000      |             | 0.000  | 0.000r          |
| clock (clock net)             | 2412   |             |            |            | NA          |        |                 |
| clint/_702_:CK (DFFR_X1)      |        | 0.001       | 0.000      | 0.000      |             | 0.000  | 0.000r          |
| clock core_clock (rise edge)  |        |             |            |            |             | 0      | 0               |
| clock network delay (ideal)   |        |             |            |            |             | 0.000  | 0.000           |
| clint/_702_:CK (DFFR_X1)      |        | 0.001       | 0.000      | 0.000      |             | 0.000  | 0.000r          |
| clint/_702_:QN (DFFR_X1)      |        | 0.001       | 0.000      | 0.011      |             | 0.066  | 0.066r          |
| clint/_041_ (net)             | 1      |             |            |            | 0.000       |        |                 |
| clint/_702_:D (DFFR_X1)       |        | 0.001       | 0.000      | 0.011      |             | 0.000  | 0.066r          |
|                               |        |             |            |            |             |        |                 |
| clock (port)                  |        | 2.342       | 0.000      | 0.000      |             | 0.000  | 0.000r          |
| clock (clock net)             | 2412   |             |            |            | NA          |        |                 |
| clint/_702_:CK (DFFR_X1)      |        | 0.001       | 0.000      | 0.000      |             | 0.000  | 0.000r          |
| clock core_clock (rise edge)  |        |             |            |            |             | 0      | 0               |
| clock network delay (ideal)   |        |             |            |            |             | 0.000  | 0.000           |
| clint/_702_:CK (DFFR_X1)      |        |             |            |            |             |        | 0.000r          |
| library hold time             |        |             |            |            |             | 0.006  | 0.006           |
| clock reconvergence pessimism |        |             |            |            |             | -0.000 | 0.006           |
|                               |        |             |            |            |             |        |                 |
| path cell delay               |        |             |            |            |             |        | 0.066(100.000%) |
| path net delay                |        |             |            |            |             |        | 0.000(0.000%)   |
|                               |        |             |            |            |             |        |                 |
| data require time             |        |             |            |            |             |        | 0.006           |
| data arrival time             |        |             |            |            |             |        | 0.066           |
| slack (MET)                   |        |             |            |            |             |        | 0.060           |
+-------------------------------+--------+-------------+------------+------------+-------------+--------+-----------------+
+-------------------------------+--------+-------------+------------+------------+-------------+--------+-----------------+
| Point                         | Fanout | Capacitance | Resistance | Transition | Delta Delay | Incr   | Path            |
+-------------------------------+--------+-------------+------------+------------+-------------+--------+-----------------+
| clock (port)                  |        | 2.342       | 0.000      | 0.000      |             | 0.000  | 0.000r          |
| clock (clock net)             | 2412   |             |            |            | NA          |        |                 |
| clint/_702_:CK (DFFR_X1)      |        | 0.001       | 0.000      | 0.000      |             | 0.000  | 0.000r          |
| clock core_clock (rise edge)  |        |             |            |            |             | 0      | 0               |
| clock network delay (ideal)   |        |             |            |            |             | 0.000  | 0.000           |
| clint/_702_:CK (DFFR_X1)      |        | 0.001       | 0.000      | 0.000      |             | 0.000  | 0.000r          |
| clint/_702_:QN (DFFR_X1)      |        | 0.001       | 0.000      | 0.012      |             | 0.065  | 0.065f          |
| clint/_041_ (net)             | 1      |             |            |            | 0.000       |        |                 |
| clint/_702_:D (DFFR_X1)       |        | 0.001       | 0.000      | 0.012      |             | 0.000  | 0.065f          |
|                               |        |             |            |            |             |        |                 |
| clock (port)                  |        | 2.342       | 0.000      | 0.000      |             | 0.000  | 0.000r          |
| clock (clock net)             | 2412   |             |            |            | NA          |        |                 |
| clint/_702_:CK (DFFR_X1)      |        | 0.001       | 0.000      | 0.000      |             | 0.000  | 0.000r          |
| clock core_clock (rise edge)  |        |             |            |            |             | 0      | 0               |
| clock network delay (ideal)   |        |             |            |            |             | 0.000  | 0.000           |
| clint/_702_:CK (DFFR_X1)      |        |             |            |            |             |        | 0.000r          |
| library hold time             |        |             |            |            |             | 0.003  | 0.003           |
| clock reconvergence pessimism |        |             |            |            |             | -0.000 | 0.003           |
|                               |        |             |            |            |             |        |                 |
| path cell delay               |        |             |            |            |             |        | 0.065(100.000%) |
| path net delay                |        |             |            |            |             |        | 0.000(0.000%)   |
|                               |        |             |            |            |             |        |                 |
| data require time             |        |             |            |            |             |        | 0.003           |
| data arrival time             |        |             |            |            |             |        | 0.065           |
| slack (MET)                   |        |             |            |            |             |        | 0.062           |
+-------------------------------+--------+-------------+------------+------------+-------------+--------+-----------------+
+-------------------------------+--------+-------------+------------+------------+-------------+--------+-----------------+
| Point                         | Fanout | Capacitance | Resistance | Transition | Delta Delay | Incr   | Path            |
+-------------------------------+--------+-------------+------------+------------+-------------+--------+-----------------+
| clock (port)                  |        | 2.342       | 0.000      | 0.000      |             | 0.000  | 0.000r          |
| clock (clock net)             | 2412   |             |            |            | NA          |        |                 |
| wbu/_2735_:CK (DFFR_X1)       |        | 0.001       | 0.000      | 0.000      |             | 0.000  | 0.000r          |
| clock core_clock (rise edge)  |        |             |            |            |             | 0      | 0               |
| clock network delay (ideal)   |        |             |            |            |             | 0.000  | 0.000           |
| wbu/_2735_:CK (DFFR_X1)       |        | 0.001       | 0.000      | 0.000      |             | 0.000  | 0.000r          |
| wbu/_2735_:Q (DFFR_X1)        |        | 0.003       | 0.000      | 0.008      |             | 0.087  | 0.087f          |
| wbu/state[1] (net)            | 3      |             |            |            | 0.000       |        |                 |
| wbu/_2736_:D (DFFR_X1)        |        | 0.001       | 0.000      | 0.008      |             | 0.000  | 0.087f          |
|                               |        |             |            |            |             |        |                 |
| clock (port)                  |        | 2.342       | 0.000      | 0.000      |             | 0.000  | 0.000r          |
| clock (clock net)             | 2412   |             |            |            | NA          |        |                 |
| wbu/_2736_:CK (DFFR_X1)       |        | 0.001       | 0.000      | 0.000      |             | 0.000  | 0.000r          |
| clock core_clock (rise edge)  |        |             |            |            |             | 0      | 0               |
| clock network delay (ideal)   |        |             |            |            |             | 0.000  | 0.000           |
| wbu/_2736_:CK (DFFR_X1)       |        |             |            |            |             |        | 0.000r          |
| library hold time             |        |             |            |            |             | 0.003  | 0.003           |
| clock reconvergence pessimism |        |             |            |            |             | -0.000 | 0.003           |
|                               |        |             |            |            |             |        |                 |
| path cell delay               |        |             |            |            |             |        | 0.087(100.000%) |
| path net delay                |        |             |            |            |             |        | 0.000(0.000%)   |
|                               |        |             |            |            |             |        |                 |
| data require time             |        |             |            |            |             |        | 0.003           |
| data arrival time             |        |             |            |            |             |        | 0.087           |
| slack (MET)                   |        |             |            |            |             |        | 0.084           |
+-------------------------------+--------+-------------+------------+------------+-------------+--------+-----------------+
