Generate the report at 2025-09-12T20:03:40, GitVersion: aa25008b3778a76ae1975c839d4cc459f7f7b3b7.
+-------------+-------------+------------+------------+---------------+-------+-------+-----------+
| Endpoint    | Clock Group | Delay Type | Path Delay | Path Required | CPPR  | Slack | Freq(MHz) |
+-------------+-------------+------------+------------+---------------+-------+-------+-----------+
| wb/_2767_:D | core_clock  | max        | 1.103f     | 1.961         | 0.000 | 0.858 | 875.480   |
| wb/_2765_:D | core_clock  | max        | 1.086f     | 1.961         | 0.000 | 0.874 | 888.234   |
| wb/_2766_:D | core_clock  | max        | 1.062f     | 1.961         | 0.000 | 0.899 | 908.271   |
| wb/_2736_:D | core_clock  | min        | 0.087f     | 0.003         | 0.000 | 0.084 | NA        |
| wb/_2724_:D | core_clock  | min        | 0.087f     | 0.002         | 0.000 | 0.085 | NA        |
| wb/_2724_:D | core_clock  | min        | 0.103r     | 0.007         | 0.000 | 0.096 | NA        |
+-------------+-------------+------------+------------+---------------+-------+-------+-----------+
+------------+------------+-------+
| Clock      | Delay Type | TNS   |
+------------+------------+-------+
| core_clock | max        | 0.000 |
| core_clock | min        | 0.000 |
+------------+------------+-------+
+-------------------------------+--------+-------------+------------+------------+-------------+--------+-----------------+
| Point                         | Fanout | Capacitance | Resistance | Transition | Delta Delay | Incr   | Path            |
+-------------------------------+--------+-------------+------------+------------+-------------+--------+-----------------+
| clock (port)                  |        | 1.775       | 0.000      | 0.000      |             | 0.000  | 0.000r          |
| clock (clock net)             | 1854   |             |            |            | NA          |        |                 |
| wb/_2803_:CK (DFFR_X1)        |        | 0.001       | 0.000      | 0.000      |             | 0.000  | 0.000r          |
| clock core_clock (rise edge)  |        |             |            |            |             | 0      | 0               |
| clock network delay (ideal)   |        |             |            |            |             | 0.000  | 0.000           |
| wb/_2803_:CK (DFFR_X1)        |        | 0.001       | 0.000      | 0.000      |             | 0.000  | 0.000r          |
| wb/_2803_:Q (DFFR_X1)         |        | 0.001       | 0.000      | 0.009      |             | 0.097  | 0.097r          |
| wb/pc[2] (net)                | 1      |             |            |            | 0.000       |        |                 |
| wb/_2040_:A (BUF_X1)          |        | 0.001       | 0.000      | 0.009      |             | 0.000  | 0.097r          |
| wb/_2040_:Z (BUF_X1)          |        | 0.007       | 0.000      | 0.021      |             | 0.037  | 0.135r          |
| wb/_1223_ (net)               | 4      |             |            |            | 0.000       |        |                 |
| wb/_1527_:A1 (AND2_X4)        |        | 0.003       | 0.000      | 0.021      |             | 0.000  | 0.135r          |
| wb/_1527_:ZN (AND2_X4)        |        | 0.005       | 0.000      | 0.008      |             | 0.033  | 0.167r          |
| wb/_0955_ (net)               | 3      |             |            |            | 0.000       |        |                 |
| wb/_1541_:A1 (AND2_X4)        |        | 0.003       | 0.000      | 0.008      |             | 0.000  | 0.167r          |
| wb/_1541_:ZN (AND2_X4)        |        | 0.007       | 0.000      | 0.009      |             | 0.029  | 0.196r          |
| wb/_0968_ (net)               | 3      |             |            |            | 0.000       |        |                 |
| wb/_1549_:A1 (AND2_X4)        |        | 0.003       | 0.000      | 0.009      |             | 0.000  | 0.196r          |
| wb/_1549_:ZN (AND2_X4)        |        | 0.006       | 0.000      | 0.009      |             | 0.029  | 0.225r          |
| wb/_0975_ (net)               | 3      |             |            |            | 0.000       |        |                 |
| wb/_1556_:A1 (AND2_X4)        |        | 0.003       | 0.000      | 0.009      |             | 0.000  | 0.225r          |
| wb/_1556_:ZN (AND2_X4)        |        | 0.007       | 0.000      | 0.009      |             | 0.029  | 0.254r          |
| wb/_0981_ (net)               | 3      |             |            |            | 0.000       |        |                 |
| wb/_1566_:A1 (AND2_X4)        |        | 0.003       | 0.000      | 0.009      |             | 0.000  | 0.254r          |
| wb/_1566_:ZN (AND2_X4)        |        | 0.010       | 0.000      | 0.010      |             | 0.031  | 0.285r          |
| wb/_0990_ (net)               | 5      |             |            |            | 0.000       |        |                 |
| wb/_1581_:A1 (AND2_X4)        |        | 0.003       | 0.000      | 0.010      |             | 0.000  | 0.285r          |
| wb/_1581_:ZN (AND2_X4)        |        | 0.003       | 0.000      | 0.007      |             | 0.027  | 0.312r          |
| wb/_1003_ (net)               | 1      |             |            |            | 0.000       |        |                 |
| wb/_1582_:A1 (AND2_X4)        |        | 0.003       | 0.000      | 0.007      |             | 0.000  | 0.312r          |
| wb/_1582_:ZN (AND2_X4)        |        | 0.008       | 0.000      | 0.010      |             | 0.030  | 0.342r          |
| wb/_1004_ (net)               | 4      |             |            |            | 0.000       |        |                 |
| wb/_1600_:A1 (AND2_X4)        |        | 0.003       | 0.000      | 0.010      |             | 0.000  | 0.342r          |
| wb/_1600_:ZN (AND2_X4)        |        | 0.006       | 0.000      | 0.009      |             | 0.029  | 0.371r          |
| wb/_1020_ (net)               | 3      |             |            |            | 0.000       |        |                 |
| wb/_1610_:A1 (AND2_X4)        |        | 0.003       | 0.000      | 0.009      |             | 0.000  | 0.371r          |
| wb/_1610_:ZN (AND2_X4)        |        | 0.005       | 0.000      | 0.008      |             | 0.027  | 0.398r          |
| wb/_1029_ (net)               | 2      |             |            |            | 0.000       |        |                 |
| wb/_1611_:A1 (AND2_X4)        |        | 0.003       | 0.000      | 0.008      |             | 0.000  | 0.398r          |
| wb/_1611_:ZN (AND2_X4)        |        | 0.007       | 0.000      | 0.009      |             | 0.028  | 0.427r          |
| wb/_1030_ (net)               | 3      |             |            |            | 0.000       |        |                 |
| wb/_1618_:A1 (AND2_X4)        |        | 0.003       | 0.000      | 0.009      |             | 0.000  | 0.427r          |
| wb/_1618_:ZN (AND2_X4)        |        | 0.010       | 0.000      | 0.010      |             | 0.031  | 0.458r          |
| wb/_1036_ (net)               | 5      |             |            |            | 0.000       |        |                 |
| wb/_1636_:A1 (AND2_X4)        |        | 0.003       | 0.000      | 0.010      |             | 0.000  | 0.458r          |
| wb/_1636_:ZN (AND2_X4)        |        | 0.003       | 0.000      | 0.007      |             | 0.027  | 0.485r          |
| wb/_1052_ (net)               | 1      |             |            |            | 0.000       |        |                 |
| wb/_1637_:A1 (AND2_X4)        |        | 0.003       | 0.000      | 0.007      |             | 0.000  | 0.485r          |
| wb/_1637_:ZN (AND2_X4)        |        | 0.008       | 0.000      | 0.010      |             | 0.030  | 0.515r          |
| wb/_1053_ (net)               | 4      |             |            |            | 0.000       |        |                 |
| wb/_1657_:A1 (AND2_X4)        |        | 0.003       | 0.000      | 0.010      |             | 0.000  | 0.515r          |
| wb/_1657_:ZN (AND2_X4)        |        | 0.005       | 0.000      | 0.008      |             | 0.028  | 0.542r          |
| wb/_1071_ (net)               | 2      |             |            |            | 0.000       |        |                 |
| wb/_1658_:A1 (AND2_X4)        |        | 0.003       | 0.000      | 0.008      |             | 0.000  | 0.542r          |
| wb/_1658_:ZN (AND2_X4)        |        | 0.007       | 0.000      | 0.009      |             | 0.029  | 0.571r          |
| wb/_1072_ (net)               | 4      |             |            |            | 0.000       |        |                 |
| wb/_1676_:A1 (AND2_X4)        |        | 0.003       | 0.000      | 0.009      |             | 0.000  | 0.571r          |
| wb/_1676_:ZN (AND2_X4)        |        | 0.005       | 0.000      | 0.008      |             | 0.027  | 0.599r          |
| wb/_1088_ (net)               | 2      |             |            |            | 0.000       |        |                 |
| wb/_1677_:A1 (AND2_X4)        |        | 0.003       | 0.000      | 0.008      |             | 0.000  | 0.599r          |
| wb/_1677_:ZN (AND2_X4)        |        | 0.007       | 0.000      | 0.009      |             | 0.028  | 0.627r          |
| wb/_1089_ (net)               | 3      |             |            |            | 0.000       |        |                 |
| wb/_1688_:A1 (AND2_X4)        |        | 0.003       | 0.000      | 0.009      |             | 0.000  | 0.627r          |
| wb/_1688_:ZN (AND2_X4)        |        | 0.008       | 0.000      | 0.010      |             | 0.030  | 0.658r          |
| wb/_1099_ (net)               | 4      |             |            |            | 0.000       |        |                 |
| wb/_1703_:A1 (AND2_X4)        |        | 0.003       | 0.000      | 0.010      |             | 0.000  | 0.658r          |
| wb/_1703_:ZN (AND2_X4)        |        | 0.005       | 0.000      | 0.008      |             | 0.028  | 0.685r          |
| wb/_1112_ (net)               | 2      |             |            |            | 0.000       |        |                 |
| wb/_1704_:A1 (AND2_X4)        |        | 0.003       | 0.000      | 0.008      |             | 0.000  | 0.685r          |
| wb/_1704_:ZN (AND2_X4)        |        | 0.007       | 0.000      | 0.009      |             | 0.028  | 0.714r          |
| wb/_1113_ (net)               | 3      |             |            |            | 0.000       |        |                 |
| wb/_1711_:A1 (AND2_X4)        |        | 0.003       | 0.000      | 0.009      |             | 0.000  | 0.714r          |
| wb/_1711_:ZN (AND2_X4)        |        | 0.006       | 0.000      | 0.008      |             | 0.028  | 0.742r          |
| wb/_1119_ (net)               | 3      |             |            |            | 0.000       |        |                 |
| wb/_1721_:A1 (AND2_X4)        |        | 0.003       | 0.000      | 0.008      |             | 0.000  | 0.742r          |
| wb/_1721_:ZN (AND2_X4)        |        | 0.008       | 0.000      | 0.010      |             | 0.030  | 0.772r          |
| wb/_1128_ (net)               | 4      |             |            |            | 0.000       |        |                 |
| wb/_1735_:A1 (AND2_X4)        |        | 0.003       | 0.000      | 0.010      |             | 0.000  | 0.772r          |
| wb/_1735_:ZN (AND2_X4)        |        | 0.005       | 0.000      | 0.008      |             | 0.028  | 0.800r          |
| wb/_1140_ (net)               | 2      |             |            |            | 0.000       |        |                 |
| wb/_1736_:A1 (AND2_X4)        |        | 0.003       | 0.000      | 0.008      |             | 0.000  | 0.800r          |
| wb/_1736_:ZN (AND2_X4)        |        | 0.008       | 0.000      | 0.010      |             | 0.030  | 0.830r          |
| wb/_1141_ (net)               | 4      |             |            |            | 0.000       |        |                 |
| wb/_1752_:A1 (AND2_X4)        |        | 0.003       | 0.000      | 0.010      |             | 0.000  | 0.830r          |
| wb/_1752_:ZN (AND2_X4)        |        | 0.005       | 0.000      | 0.008      |             | 0.028  | 0.857r          |
| wb/_1155_ (net)               | 2      |             |            |            | 0.000       |        |                 |
| wb/_1753_:A1 (AND2_X4)        |        | 0.003       | 0.000      | 0.008      |             | 0.000  | 0.857r          |
| wb/_1753_:ZN (AND2_X4)        |        | 0.007       | 0.000      | 0.009      |             | 0.028  | 0.886r          |
| wb/_1156_ (net)               | 3      |             |            |            | 0.000       |        |                 |
| wb/_1760_:A1 (AND2_X4)        |        | 0.003       | 0.000      | 0.009      |             | 0.000  | 0.886r          |
| wb/_1760_:ZN (AND2_X4)        |        | 0.007       | 0.000      | 0.009      |             | 0.030  | 0.915r          |
| wb/_1162_ (net)               | 4      |             |            |            | 0.000       |        |                 |
| wb/_1770_:A1 (AND2_X4)        |        | 0.003       | 0.000      | 0.009      |             | 0.000  | 0.915r          |
| wb/_1770_:ZN (AND2_X4)        |        | 0.003       | 0.000      | 0.007      |             | 0.027  | 0.942r          |
| wb/_0876_ (net)               | 2      |             |            |            | 0.000       |        |                 |
| wb/_1772_:A1 (OAI22_X1)       |        | 0.002       | 0.000      | 0.007      |             | 0.000  | 0.942r          |
| wb/_1772_:ZN (OAI22_X1)       |        | 0.001       | 0.000      | 0.012      |             | 0.016  | 0.958f          |
| wb/_0878_ (net)               | 1      |             |            |            | 0.000       |        |                 |
| wb/_1773_:A (AOI221_X1)       |        | 0.002       | 0.000      | 0.012      |             | 0.000  | 0.958f          |
| wb/_1773_:ZN (AOI221_X1)      |        | 0.002       | 0.000      | 0.036      |             | 0.043  | 1.001r          |
| wb/_0879_ (net)               | 1      |             |            |            | 0.000       |        |                 |
| wb/_1775_:B1 (AOI21_X1)       |        | 0.002       | 0.000      | 0.036      |             | 0.000  | 1.001r          |
| wb/_1775_:ZN (AOI21_X1)       |        | 0.001       | 0.000      | 0.012      |             | 0.017  | 1.017f          |
| wb/_0881_ (net)               | 1      |             |            |            | 0.000       |        |                 |
| wb/_1776_:B (MUX2_X1)         |        | 0.001       | 0.000      | 0.012      |             | 0.000  | 1.017f          |
| wb/_1776_:Z (MUX2_X1)         |        | 0.001       | 0.000      | 0.010      |             | 0.057  | 1.075f          |
| wb/_0496_ (net)               | 1      |             |            |            | 0.000       |        |                 |
| wb/_2239_:A (BUF_X1)          |        | 0.001       | 0.000      | 0.010      |             | 0.000  | 1.075f          |
| wb/_2239_:Z (BUF_X1)          |        | 0.001       | 0.000      | 0.006      |             | 0.028  | 1.103f          |
| wb/_0224_ (net)               | 1      |             |            |            | 0.000       |        |                 |
| wb/_2767_:D (DFFR_X1)         |        | 0.001       | 0.000      | 0.006      |             | 0.000  | 1.103f          |
|                               |        |             |            |            |             |        |                 |
| clock (port)                  |        | 1.775       | 0.000      | 0.000      |             | 0.000  | 0.000r          |
| clock (clock net)             | 1854   |             |            |            | NA          |        |                 |
| wb/_2767_:CK (DFFR_X1)        |        | 0.001       | 0.000      | 0.000      |             | 0.000  | 0.000r          |
| clock core_clock (rise edge)  |        |             |            |            |             | 2      | 2               |
| clock network delay (ideal)   |        |             |            |            |             | 0.000  | 2.000           |
| wb/_2767_:CK (DFFR_X1)        |        |             |            |            |             |        | 2.000r          |
| library setup time            |        |             |            |            |             | -0.039 | 1.961           |
| clock reconvergence pessimism |        |             |            |            |             | 0.000  | 1.961           |
|                               |        |             |            |            |             |        |                 |
| path cell delay               |        |             |            |            |             |        | 1.103(100.000%) |
| path net delay                |        |             |            |            |             |        | 0.000(0.000%)   |
|                               |        |             |            |            |             |        |                 |
| data require time             |        |             |            |            |             |        | 1.961           |
| data arrival time             |        |             |            |            |             |        | 1.103           |
| slack (MET)                   |        |             |            |            |             |        | 0.858           |
+-------------------------------+--------+-------------+------------+------------+-------------+--------+-----------------+
+-------------------------------+--------+-------------+------------+------------+-------------+--------+-----------------+
| Point                         | Fanout | Capacitance | Resistance | Transition | Delta Delay | Incr   | Path            |
+-------------------------------+--------+-------------+------------+------------+-------------+--------+-----------------+
| clock (port)                  |        | 1.775       | 0.000      | 0.000      |             | 0.000  | 0.000r          |
| clock (clock net)             | 1854   |             |            |            | NA          |        |                 |
| wb/_2803_:CK (DFFR_X1)        |        | 0.001       | 0.000      | 0.000      |             | 0.000  | 0.000r          |
| clock core_clock (rise edge)  |        |             |            |            |             | 0      | 0               |
| clock network delay (ideal)   |        |             |            |            |             | 0.000  | 0.000           |
| wb/_2803_:CK (DFFR_X1)        |        | 0.001       | 0.000      | 0.000      |             | 0.000  | 0.000r          |
| wb/_2803_:Q (DFFR_X1)         |        | 0.001       | 0.000      | 0.009      |             | 0.097  | 0.097r          |
| wb/pc[2] (net)                | 1      |             |            |            | 0.000       |        |                 |
| wb/_2040_:A (BUF_X1)          |        | 0.001       | 0.000      | 0.009      |             | 0.000  | 0.097r          |
| wb/_2040_:Z (BUF_X1)          |        | 0.007       | 0.000      | 0.021      |             | 0.037  | 0.135r          |
| wb/_1223_ (net)               | 4      |             |            |            | 0.000       |        |                 |
| wb/_1527_:A1 (AND2_X4)        |        | 0.003       | 0.000      | 0.021      |             | 0.000  | 0.135r          |
| wb/_1527_:ZN (AND2_X4)        |        | 0.005       | 0.000      | 0.008      |             | 0.033  | 0.167r          |
| wb/_0955_ (net)               | 3      |             |            |            | 0.000       |        |                 |
| wb/_1541_:A1 (AND2_X4)        |        | 0.003       | 0.000      | 0.008      |             | 0.000  | 0.167r          |
| wb/_1541_:ZN (AND2_X4)        |        | 0.007       | 0.000      | 0.009      |             | 0.029  | 0.196r          |
| wb/_0968_ (net)               | 3      |             |            |            | 0.000       |        |                 |
| wb/_1549_:A1 (AND2_X4)        |        | 0.003       | 0.000      | 0.009      |             | 0.000  | 0.196r          |
| wb/_1549_:ZN (AND2_X4)        |        | 0.006       | 0.000      | 0.009      |             | 0.029  | 0.225r          |
| wb/_0975_ (net)               | 3      |             |            |            | 0.000       |        |                 |
| wb/_1556_:A1 (AND2_X4)        |        | 0.003       | 0.000      | 0.009      |             | 0.000  | 0.225r          |
| wb/_1556_:ZN (AND2_X4)        |        | 0.007       | 0.000      | 0.009      |             | 0.029  | 0.254r          |
| wb/_0981_ (net)               | 3      |             |            |            | 0.000       |        |                 |
| wb/_1566_:A1 (AND2_X4)        |        | 0.003       | 0.000      | 0.009      |             | 0.000  | 0.254r          |
| wb/_1566_:ZN (AND2_X4)        |        | 0.010       | 0.000      | 0.010      |             | 0.031  | 0.285r          |
| wb/_0990_ (net)               | 5      |             |            |            | 0.000       |        |                 |
| wb/_1581_:A1 (AND2_X4)        |        | 0.003       | 0.000      | 0.010      |             | 0.000  | 0.285r          |
| wb/_1581_:ZN (AND2_X4)        |        | 0.003       | 0.000      | 0.007      |             | 0.027  | 0.312r          |
| wb/_1003_ (net)               | 1      |             |            |            | 0.000       |        |                 |
| wb/_1582_:A1 (AND2_X4)        |        | 0.003       | 0.000      | 0.007      |             | 0.000  | 0.312r          |
| wb/_1582_:ZN (AND2_X4)        |        | 0.008       | 0.000      | 0.010      |             | 0.030  | 0.342r          |
| wb/_1004_ (net)               | 4      |             |            |            | 0.000       |        |                 |
| wb/_1600_:A1 (AND2_X4)        |        | 0.003       | 0.000      | 0.010      |             | 0.000  | 0.342r          |
| wb/_1600_:ZN (AND2_X4)        |        | 0.006       | 0.000      | 0.009      |             | 0.029  | 0.371r          |
| wb/_1020_ (net)               | 3      |             |            |            | 0.000       |        |                 |
| wb/_1610_:A1 (AND2_X4)        |        | 0.003       | 0.000      | 0.009      |             | 0.000  | 0.371r          |
| wb/_1610_:ZN (AND2_X4)        |        | 0.005       | 0.000      | 0.008      |             | 0.027  | 0.398r          |
| wb/_1029_ (net)               | 2      |             |            |            | 0.000       |        |                 |
| wb/_1611_:A1 (AND2_X4)        |        | 0.003       | 0.000      | 0.008      |             | 0.000  | 0.398r          |
| wb/_1611_:ZN (AND2_X4)        |        | 0.007       | 0.000      | 0.009      |             | 0.028  | 0.427r          |
| wb/_1030_ (net)               | 3      |             |            |            | 0.000       |        |                 |
| wb/_1618_:A1 (AND2_X4)        |        | 0.003       | 0.000      | 0.009      |             | 0.000  | 0.427r          |
| wb/_1618_:ZN (AND2_X4)        |        | 0.010       | 0.000      | 0.010      |             | 0.031  | 0.458r          |
| wb/_1036_ (net)               | 5      |             |            |            | 0.000       |        |                 |
| wb/_1636_:A1 (AND2_X4)        |        | 0.003       | 0.000      | 0.010      |             | 0.000  | 0.458r          |
| wb/_1636_:ZN (AND2_X4)        |        | 0.003       | 0.000      | 0.007      |             | 0.027  | 0.485r          |
| wb/_1052_ (net)               | 1      |             |            |            | 0.000       |        |                 |
| wb/_1637_:A1 (AND2_X4)        |        | 0.003       | 0.000      | 0.007      |             | 0.000  | 0.485r          |
| wb/_1637_:ZN (AND2_X4)        |        | 0.008       | 0.000      | 0.010      |             | 0.030  | 0.515r          |
| wb/_1053_ (net)               | 4      |             |            |            | 0.000       |        |                 |
| wb/_1657_:A1 (AND2_X4)        |        | 0.003       | 0.000      | 0.010      |             | 0.000  | 0.515r          |
| wb/_1657_:ZN (AND2_X4)        |        | 0.005       | 0.000      | 0.008      |             | 0.028  | 0.542r          |
| wb/_1071_ (net)               | 2      |             |            |            | 0.000       |        |                 |
| wb/_1658_:A1 (AND2_X4)        |        | 0.003       | 0.000      | 0.008      |             | 0.000  | 0.542r          |
| wb/_1658_:ZN (AND2_X4)        |        | 0.007       | 0.000      | 0.009      |             | 0.029  | 0.571r          |
| wb/_1072_ (net)               | 4      |             |            |            | 0.000       |        |                 |
| wb/_1676_:A1 (AND2_X4)        |        | 0.003       | 0.000      | 0.009      |             | 0.000  | 0.571r          |
| wb/_1676_:ZN (AND2_X4)        |        | 0.005       | 0.000      | 0.008      |             | 0.027  | 0.599r          |
| wb/_1088_ (net)               | 2      |             |            |            | 0.000       |        |                 |
| wb/_1677_:A1 (AND2_X4)        |        | 0.003       | 0.000      | 0.008      |             | 0.000  | 0.599r          |
| wb/_1677_:ZN (AND2_X4)        |        | 0.007       | 0.000      | 0.009      |             | 0.028  | 0.627r          |
| wb/_1089_ (net)               | 3      |             |            |            | 0.000       |        |                 |
| wb/_1688_:A1 (AND2_X4)        |        | 0.003       | 0.000      | 0.009      |             | 0.000  | 0.627r          |
| wb/_1688_:ZN (AND2_X4)        |        | 0.008       | 0.000      | 0.010      |             | 0.030  | 0.658r          |
| wb/_1099_ (net)               | 4      |             |            |            | 0.000       |        |                 |
| wb/_1703_:A1 (AND2_X4)        |        | 0.003       | 0.000      | 0.010      |             | 0.000  | 0.658r          |
| wb/_1703_:ZN (AND2_X4)        |        | 0.005       | 0.000      | 0.008      |             | 0.028  | 0.685r          |
| wb/_1112_ (net)               | 2      |             |            |            | 0.000       |        |                 |
| wb/_1704_:A1 (AND2_X4)        |        | 0.003       | 0.000      | 0.008      |             | 0.000  | 0.685r          |
| wb/_1704_:ZN (AND2_X4)        |        | 0.007       | 0.000      | 0.009      |             | 0.028  | 0.714r          |
| wb/_1113_ (net)               | 3      |             |            |            | 0.000       |        |                 |
| wb/_1711_:A1 (AND2_X4)        |        | 0.003       | 0.000      | 0.009      |             | 0.000  | 0.714r          |
| wb/_1711_:ZN (AND2_X4)        |        | 0.006       | 0.000      | 0.008      |             | 0.028  | 0.742r          |
| wb/_1119_ (net)               | 3      |             |            |            | 0.000       |        |                 |
| wb/_1721_:A1 (AND2_X4)        |        | 0.003       | 0.000      | 0.008      |             | 0.000  | 0.742r          |
| wb/_1721_:ZN (AND2_X4)        |        | 0.008       | 0.000      | 0.010      |             | 0.030  | 0.772r          |
| wb/_1128_ (net)               | 4      |             |            |            | 0.000       |        |                 |
| wb/_1735_:A1 (AND2_X4)        |        | 0.003       | 0.000      | 0.010      |             | 0.000  | 0.772r          |
| wb/_1735_:ZN (AND2_X4)        |        | 0.005       | 0.000      | 0.008      |             | 0.028  | 0.800r          |
| wb/_1140_ (net)               | 2      |             |            |            | 0.000       |        |                 |
| wb/_1736_:A1 (AND2_X4)        |        | 0.003       | 0.000      | 0.008      |             | 0.000  | 0.800r          |
| wb/_1736_:ZN (AND2_X4)        |        | 0.008       | 0.000      | 0.010      |             | 0.030  | 0.830r          |
| wb/_1141_ (net)               | 4      |             |            |            | 0.000       |        |                 |
| wb/_1752_:A1 (AND2_X4)        |        | 0.003       | 0.000      | 0.010      |             | 0.000  | 0.830r          |
| wb/_1752_:ZN (AND2_X4)        |        | 0.005       | 0.000      | 0.008      |             | 0.028  | 0.857r          |
| wb/_1155_ (net)               | 2      |             |            |            | 0.000       |        |                 |
| wb/_1753_:A1 (AND2_X4)        |        | 0.003       | 0.000      | 0.008      |             | 0.000  | 0.857r          |
| wb/_1753_:ZN (AND2_X4)        |        | 0.007       | 0.000      | 0.009      |             | 0.028  | 0.886r          |
| wb/_1156_ (net)               | 3      |             |            |            | 0.000       |        |                 |
| wb/_1755_:A1 (OAI22_X1)       |        | 0.002       | 0.000      | 0.009      |             | 0.000  | 0.886r          |
| wb/_1755_:ZN (OAI22_X1)       |        | 0.002       | 0.000      | 0.012      |             | 0.016  | 0.902f          |
| wb/_1158_ (net)               | 1      |             |            |            | 0.000       |        |                 |
| wb/_1756_:B (AOI211_X4)       |        | 0.002       | 0.000      | 0.012      |             | 0.000  | 0.902f          |
| wb/_1756_:ZN (AOI211_X4)      |        | 0.002       | 0.000      | 0.007      |             | 0.090  | 0.992r          |
| wb/_1159_ (net)               | 1      |             |            |            | 0.000       |        |                 |
| wb/_1758_:B1 (AOI21_X1)       |        | 0.002       | 0.000      | 0.007      |             | 0.000  | 0.992r          |
| wb/_1758_:ZN (AOI21_X1)       |        | 0.001       | 0.000      | 0.007      |             | 0.011  | 1.003f          |
| wb/_1161_ (net)               | 1      |             |            |            | 0.000       |        |                 |
| wb/_1759_:B (MUX2_X1)         |        | 0.001       | 0.000      | 0.007      |             | 0.000  | 1.003f          |
| wb/_1759_:Z (MUX2_X1)         |        | 0.001       | 0.000      | 0.010      |             | 0.055  | 1.058f          |
| wb/_0493_ (net)               | 1      |             |            |            | 0.000       |        |                 |
| wb/_2225_:A (BUF_X1)          |        | 0.001       | 0.000      | 0.010      |             | 0.000  | 1.058f          |
| wb/_2225_:Z (BUF_X1)          |        | 0.001       | 0.000      | 0.006      |             | 0.028  | 1.086f          |
| wb/_0221_ (net)               | 1      |             |            |            | 0.000       |        |                 |
| wb/_2765_:D (DFFR_X1)         |        | 0.001       | 0.000      | 0.006      |             | 0.000  | 1.086f          |
|                               |        |             |            |            |             |        |                 |
| clock (port)                  |        | 1.775       | 0.000      | 0.000      |             | 0.000  | 0.000r          |
| clock (clock net)             | 1854   |             |            |            | NA          |        |                 |
| wb/_2765_:CK (DFFR_X1)        |        | 0.001       | 0.000      | 0.000      |             | 0.000  | 0.000r          |
| clock core_clock (rise edge)  |        |             |            |            |             | 2      | 2               |
| clock network delay (ideal)   |        |             |            |            |             | 0.000  | 2.000           |
| wb/_2765_:CK (DFFR_X1)        |        |             |            |            |             |        | 2.000r          |
| library setup time            |        |             |            |            |             | -0.039 | 1.961           |
| clock reconvergence pessimism |        |             |            |            |             | 0.000  | 1.961           |
|                               |        |             |            |            |             |        |                 |
| path cell delay               |        |             |            |            |             |        | 1.086(100.000%) |
| path net delay                |        |             |            |            |             |        | 0.000(0.000%)   |
|                               |        |             |            |            |             |        |                 |
| data require time             |        |             |            |            |             |        | 1.961           |
| data arrival time             |        |             |            |            |             |        | 1.086           |
| slack (MET)                   |        |             |            |            |             |        | 0.874           |
+-------------------------------+--------+-------------+------------+------------+-------------+--------+-----------------+
+-------------------------------+--------+-------------+------------+------------+-------------+--------+-----------------+
| Point                         | Fanout | Capacitance | Resistance | Transition | Delta Delay | Incr   | Path            |
+-------------------------------+--------+-------------+------------+------------+-------------+--------+-----------------+
| clock (port)                  |        | 1.775       | 0.000      | 0.000      |             | 0.000  | 0.000r          |
| clock (clock net)             | 1854   |             |            |            | NA          |        |                 |
| wb/_2803_:CK (DFFR_X1)        |        | 0.001       | 0.000      | 0.000      |             | 0.000  | 0.000r          |
| clock core_clock (rise edge)  |        |             |            |            |             | 0      | 0               |
| clock network delay (ideal)   |        |             |            |            |             | 0.000  | 0.000           |
| wb/_2803_:CK (DFFR_X1)        |        | 0.001       | 0.000      | 0.000      |             | 0.000  | 0.000r          |
| wb/_2803_:Q (DFFR_X1)         |        | 0.001       | 0.000      | 0.009      |             | 0.097  | 0.097r          |
| wb/pc[2] (net)                | 1      |             |            |            | 0.000       |        |                 |
| wb/_2040_:A (BUF_X1)          |        | 0.001       | 0.000      | 0.009      |             | 0.000  | 0.097r          |
| wb/_2040_:Z (BUF_X1)          |        | 0.007       | 0.000      | 0.021      |             | 0.037  | 0.135r          |
| wb/_1223_ (net)               | 4      |             |            |            | 0.000       |        |                 |
| wb/_1527_:A1 (AND2_X4)        |        | 0.003       | 0.000      | 0.021      |             | 0.000  | 0.135r          |
| wb/_1527_:ZN (AND2_X4)        |        | 0.005       | 0.000      | 0.008      |             | 0.033  | 0.167r          |
| wb/_0955_ (net)               | 3      |             |            |            | 0.000       |        |                 |
| wb/_1541_:A1 (AND2_X4)        |        | 0.003       | 0.000      | 0.008      |             | 0.000  | 0.167r          |
| wb/_1541_:ZN (AND2_X4)        |        | 0.007       | 0.000      | 0.009      |             | 0.029  | 0.196r          |
| wb/_0968_ (net)               | 3      |             |            |            | 0.000       |        |                 |
| wb/_1549_:A1 (AND2_X4)        |        | 0.003       | 0.000      | 0.009      |             | 0.000  | 0.196r          |
| wb/_1549_:ZN (AND2_X4)        |        | 0.006       | 0.000      | 0.009      |             | 0.029  | 0.225r          |
| wb/_0975_ (net)               | 3      |             |            |            | 0.000       |        |                 |
| wb/_1556_:A1 (AND2_X4)        |        | 0.003       | 0.000      | 0.009      |             | 0.000  | 0.225r          |
| wb/_1556_:ZN (AND2_X4)        |        | 0.007       | 0.000      | 0.009      |             | 0.029  | 0.254r          |
| wb/_0981_ (net)               | 3      |             |            |            | 0.000       |        |                 |
| wb/_1566_:A1 (AND2_X4)        |        | 0.003       | 0.000      | 0.009      |             | 0.000  | 0.254r          |
| wb/_1566_:ZN (AND2_X4)        |        | 0.010       | 0.000      | 0.010      |             | 0.031  | 0.285r          |
| wb/_0990_ (net)               | 5      |             |            |            | 0.000       |        |                 |
| wb/_1581_:A1 (AND2_X4)        |        | 0.003       | 0.000      | 0.010      |             | 0.000  | 0.285r          |
| wb/_1581_:ZN (AND2_X4)        |        | 0.003       | 0.000      | 0.007      |             | 0.027  | 0.312r          |
| wb/_1003_ (net)               | 1      |             |            |            | 0.000       |        |                 |
| wb/_1582_:A1 (AND2_X4)        |        | 0.003       | 0.000      | 0.007      |             | 0.000  | 0.312r          |
| wb/_1582_:ZN (AND2_X4)        |        | 0.008       | 0.000      | 0.010      |             | 0.030  | 0.342r          |
| wb/_1004_ (net)               | 4      |             |            |            | 0.000       |        |                 |
| wb/_1600_:A1 (AND2_X4)        |        | 0.003       | 0.000      | 0.010      |             | 0.000  | 0.342r          |
| wb/_1600_:ZN (AND2_X4)        |        | 0.006       | 0.000      | 0.009      |             | 0.029  | 0.371r          |
| wb/_1020_ (net)               | 3      |             |            |            | 0.000       |        |                 |
| wb/_1610_:A1 (AND2_X4)        |        | 0.003       | 0.000      | 0.009      |             | 0.000  | 0.371r          |
| wb/_1610_:ZN (AND2_X4)        |        | 0.005       | 0.000      | 0.008      |             | 0.027  | 0.398r          |
| wb/_1029_ (net)               | 2      |             |            |            | 0.000       |        |                 |
| wb/_1611_:A1 (AND2_X4)        |        | 0.003       | 0.000      | 0.008      |             | 0.000  | 0.398r          |
| wb/_1611_:ZN (AND2_X4)        |        | 0.007       | 0.000      | 0.009      |             | 0.028  | 0.427r          |
| wb/_1030_ (net)               | 3      |             |            |            | 0.000       |        |                 |
| wb/_1618_:A1 (AND2_X4)        |        | 0.003       | 0.000      | 0.009      |             | 0.000  | 0.427r          |
| wb/_1618_:ZN (AND2_X4)        |        | 0.010       | 0.000      | 0.010      |             | 0.031  | 0.458r          |
| wb/_1036_ (net)               | 5      |             |            |            | 0.000       |        |                 |
| wb/_1636_:A1 (AND2_X4)        |        | 0.003       | 0.000      | 0.010      |             | 0.000  | 0.458r          |
| wb/_1636_:ZN (AND2_X4)        |        | 0.003       | 0.000      | 0.007      |             | 0.027  | 0.485r          |
| wb/_1052_ (net)               | 1      |             |            |            | 0.000       |        |                 |
| wb/_1637_:A1 (AND2_X4)        |        | 0.003       | 0.000      | 0.007      |             | 0.000  | 0.485r          |
| wb/_1637_:ZN (AND2_X4)        |        | 0.008       | 0.000      | 0.010      |             | 0.030  | 0.515r          |
| wb/_1053_ (net)               | 4      |             |            |            | 0.000       |        |                 |
| wb/_1657_:A1 (AND2_X4)        |        | 0.003       | 0.000      | 0.010      |             | 0.000  | 0.515r          |
| wb/_1657_:ZN (AND2_X4)        |        | 0.005       | 0.000      | 0.008      |             | 0.028  | 0.542r          |
| wb/_1071_ (net)               | 2      |             |            |            | 0.000       |        |                 |
| wb/_1658_:A1 (AND2_X4)        |        | 0.003       | 0.000      | 0.008      |             | 0.000  | 0.542r          |
| wb/_1658_:ZN (AND2_X4)        |        | 0.007       | 0.000      | 0.009      |             | 0.029  | 0.571r          |
| wb/_1072_ (net)               | 4      |             |            |            | 0.000       |        |                 |
| wb/_1676_:A1 (AND2_X4)        |        | 0.003       | 0.000      | 0.009      |             | 0.000  | 0.571r          |
| wb/_1676_:ZN (AND2_X4)        |        | 0.005       | 0.000      | 0.008      |             | 0.027  | 0.599r          |
| wb/_1088_ (net)               | 2      |             |            |            | 0.000       |        |                 |
| wb/_1677_:A1 (AND2_X4)        |        | 0.003       | 0.000      | 0.008      |             | 0.000  | 0.599r          |
| wb/_1677_:ZN (AND2_X4)        |        | 0.007       | 0.000      | 0.009      |             | 0.028  | 0.627r          |
| wb/_1089_ (net)               | 3      |             |            |            | 0.000       |        |                 |
| wb/_1688_:A1 (AND2_X4)        |        | 0.003       | 0.000      | 0.009      |             | 0.000  | 0.627r          |
| wb/_1688_:ZN (AND2_X4)        |        | 0.008       | 0.000      | 0.010      |             | 0.030  | 0.658r          |
| wb/_1099_ (net)               | 4      |             |            |            | 0.000       |        |                 |
| wb/_1703_:A1 (AND2_X4)        |        | 0.003       | 0.000      | 0.010      |             | 0.000  | 0.658r          |
| wb/_1703_:ZN (AND2_X4)        |        | 0.005       | 0.000      | 0.008      |             | 0.028  | 0.685r          |
| wb/_1112_ (net)               | 2      |             |            |            | 0.000       |        |                 |
| wb/_1704_:A1 (AND2_X4)        |        | 0.003       | 0.000      | 0.008      |             | 0.000  | 0.685r          |
| wb/_1704_:ZN (AND2_X4)        |        | 0.007       | 0.000      | 0.009      |             | 0.028  | 0.714r          |
| wb/_1113_ (net)               | 3      |             |            |            | 0.000       |        |                 |
| wb/_1711_:A1 (AND2_X4)        |        | 0.003       | 0.000      | 0.009      |             | 0.000  | 0.714r          |
| wb/_1711_:ZN (AND2_X4)        |        | 0.006       | 0.000      | 0.008      |             | 0.028  | 0.742r          |
| wb/_1119_ (net)               | 3      |             |            |            | 0.000       |        |                 |
| wb/_1721_:A1 (AND2_X4)        |        | 0.003       | 0.000      | 0.008      |             | 0.000  | 0.742r          |
| wb/_1721_:ZN (AND2_X4)        |        | 0.008       | 0.000      | 0.010      |             | 0.030  | 0.772r          |
| wb/_1128_ (net)               | 4      |             |            |            | 0.000       |        |                 |
| wb/_1735_:A1 (AND2_X4)        |        | 0.003       | 0.000      | 0.010      |             | 0.000  | 0.772r          |
| wb/_1735_:ZN (AND2_X4)        |        | 0.005       | 0.000      | 0.008      |             | 0.028  | 0.800r          |
| wb/_1140_ (net)               | 2      |             |            |            | 0.000       |        |                 |
| wb/_1736_:A1 (AND2_X4)        |        | 0.003       | 0.000      | 0.008      |             | 0.000  | 0.800r          |
| wb/_1736_:ZN (AND2_X4)        |        | 0.008       | 0.000      | 0.010      |             | 0.030  | 0.830r          |
| wb/_1141_ (net)               | 4      |             |            |            | 0.000       |        |                 |
| wb/_1752_:A1 (AND2_X4)        |        | 0.003       | 0.000      | 0.010      |             | 0.000  | 0.830r          |
| wb/_1752_:ZN (AND2_X4)        |        | 0.005       | 0.000      | 0.008      |             | 0.028  | 0.857r          |
| wb/_1155_ (net)               | 2      |             |            |            | 0.000       |        |                 |
| wb/_1753_:A1 (AND2_X4)        |        | 0.003       | 0.000      | 0.008      |             | 0.000  | 0.857r          |
| wb/_1753_:ZN (AND2_X4)        |        | 0.007       | 0.000      | 0.009      |             | 0.028  | 0.886r          |
| wb/_1156_ (net)               | 3      |             |            |            | 0.000       |        |                 |
| wb/_1760_:A1 (AND2_X4)        |        | 0.003       | 0.000      | 0.009      |             | 0.000  | 0.886r          |
| wb/_1760_:ZN (AND2_X4)        |        | 0.007       | 0.000      | 0.009      |             | 0.030  | 0.915r          |
| wb/_1162_ (net)               | 4      |             |            |            | 0.000       |        |                 |
| wb/_1762_:A1 (OAI22_X1)       |        | 0.002       | 0.000      | 0.009      |             | 0.000  | 0.915r          |
| wb/_1762_:ZN (OAI22_X1)       |        | 0.001       | 0.000      | 0.012      |             | 0.017  | 0.932f          |
| wb/_1164_ (net)               | 1      |             |            |            | 0.000       |        |                 |
| wb/_1767_:A1 (NOR3_X1)        |        | 0.002       | 0.000      | 0.012      |             | 0.000  | 0.932f          |
| wb/_1767_:ZN (NOR3_X1)        |        | 0.002       | 0.000      | 0.029      |             | 0.037  | 0.969r          |
| wb/_0874_ (net)               | 1      |             |            |            | 0.000       |        |                 |
| wb/_1768_:A1 (NOR2_X1)        |        | 0.002       | 0.000      | 0.029      |             | 0.000  | 0.969r          |
| wb/_1768_:ZN (NOR2_X1)        |        | 0.001       | 0.000      | 0.008      |             | 0.009  | 0.978f          |
| wb/_0875_ (net)               | 1      |             |            |            | 0.000       |        |                 |
| wb/_1769_:B (MUX2_X1)         |        | 0.001       | 0.000      | 0.008      |             | 0.000  | 0.978f          |
| wb/_1769_:Z (MUX2_X1)         |        | 0.001       | 0.000      | 0.010      |             | 0.055  | 1.033f          |
| wb/_0494_ (net)               | 1      |             |            |            | 0.000       |        |                 |
| wb/_2232_:A (BUF_X1)          |        | 0.001       | 0.000      | 0.010      |             | 0.000  | 1.033f          |
| wb/_2232_:Z (BUF_X1)          |        | 0.001       | 0.000      | 0.006      |             | 0.028  | 1.062f          |
| wb/_0222_ (net)               | 1      |             |            |            | 0.000       |        |                 |
| wb/_2766_:D (DFFR_X1)         |        | 0.001       | 0.000      | 0.006      |             | 0.000  | 1.062f          |
|                               |        |             |            |            |             |        |                 |
| clock (port)                  |        | 1.775       | 0.000      | 0.000      |             | 0.000  | 0.000r          |
| clock (clock net)             | 1854   |             |            |            | NA          |        |                 |
| wb/_2766_:CK (DFFR_X1)        |        | 0.001       | 0.000      | 0.000      |             | 0.000  | 0.000r          |
| clock core_clock (rise edge)  |        |             |            |            |             | 2      | 2               |
| clock network delay (ideal)   |        |             |            |            |             | 0.000  | 2.000           |
| wb/_2766_:CK (DFFR_X1)        |        |             |            |            |             |        | 2.000r          |
| library setup time            |        |             |            |            |             | -0.039 | 1.961           |
| clock reconvergence pessimism |        |             |            |            |             | 0.000  | 1.961           |
|                               |        |             |            |            |             |        |                 |
| path cell delay               |        |             |            |            |             |        | 1.062(100.000%) |
| path net delay                |        |             |            |            |             |        | 0.000(0.000%)   |
|                               |        |             |            |            |             |        |                 |
| data require time             |        |             |            |            |             |        | 1.961           |
| data arrival time             |        |             |            |            |             |        | 1.062           |
| slack (MET)                   |        |             |            |            |             |        | 0.899           |
+-------------------------------+--------+-------------+------------+------------+-------------+--------+-----------------+
+-------------------------------+--------+-------------+------------+------------+-------------+--------+-----------------+
| Point                         | Fanout | Capacitance | Resistance | Transition | Delta Delay | Incr   | Path            |
+-------------------------------+--------+-------------+------------+------------+-------------+--------+-----------------+
| clock (port)                  |        | 1.775       | 0.000      | 0.000      |             | 0.000  | 0.000r          |
| clock (clock net)             | 1854   |             |            |            | NA          |        |                 |
| wb/_2735_:CK (DFFR_X1)        |        | 0.001       | 0.000      | 0.000      |             | 0.000  | 0.000r          |
| clock core_clock (rise edge)  |        |             |            |            |             | 0      | 0               |
| clock network delay (ideal)   |        |             |            |            |             | 0.000  | 0.000           |
| wb/_2735_:CK (DFFR_X1)        |        | 0.001       | 0.000      | 0.000      |             | 0.000  | 0.000r          |
| wb/_2735_:Q (DFFR_X1)         |        | 0.003       | 0.000      | 0.008      |             | 0.087  | 0.087f          |
| wb/state[1] (net)             | 3      |             |            |            | 0.000       |        |                 |
| wb/_2736_:D (DFFR_X1)         |        | 0.001       | 0.000      | 0.008      |             | 0.000  | 0.087f          |
|                               |        |             |            |            |             |        |                 |
| clock (port)                  |        | 1.775       | 0.000      | 0.000      |             | 0.000  | 0.000r          |
| clock (clock net)             | 1854   |             |            |            | NA          |        |                 |
| wb/_2736_:CK (DFFR_X1)        |        | 0.001       | 0.000      | 0.000      |             | 0.000  | 0.000r          |
| clock core_clock (rise edge)  |        |             |            |            |             | 0      | 0               |
| clock network delay (ideal)   |        |             |            |            |             | 0.000  | 0.000           |
| wb/_2736_:CK (DFFR_X1)        |        |             |            |            |             |        | 0.000r          |
| library hold time             |        |             |            |            |             | 0.003  | 0.003           |
| clock reconvergence pessimism |        |             |            |            |             | -0.000 | 0.003           |
|                               |        |             |            |            |             |        |                 |
| path cell delay               |        |             |            |            |             |        | 0.087(100.000%) |
| path net delay                |        |             |            |            |             |        | 0.000(0.000%)   |
|                               |        |             |            |            |             |        |                 |
| data require time             |        |             |            |            |             |        | 0.003           |
| data arrival time             |        |             |            |            |             |        | 0.087           |
| slack (MET)                   |        |             |            |            |             |        | 0.084           |
+-------------------------------+--------+-------------+------------+------------+-------------+--------+-----------------+
+-------------------------------+--------+-------------+------------+------------+-------------+--------+-----------------+
| Point                         | Fanout | Capacitance | Resistance | Transition | Delta Delay | Incr   | Path            |
+-------------------------------+--------+-------------+------------+------------+-------------+--------+-----------------+
| clock (port)                  |        | 1.775       | 0.000      | 0.000      |             | 0.000  | 0.000r          |
| clock (clock net)             | 1854   |             |            |            | NA          |        |                 |
| wb/_2735_:CK (DFFR_X1)        |        | 0.001       | 0.000      | 0.000      |             | 0.000  | 0.000r          |
| clock core_clock (rise edge)  |        |             |            |            |             | 0      | 0               |
| clock network delay (ideal)   |        |             |            |            |             | 0.000  | 0.000           |
| wb/_2735_:CK (DFFR_X1)        |        | 0.001       | 0.000      | 0.000      |             | 0.000  | 0.000r          |
| wb/_2735_:Q (DFFR_X1)         |        | 0.003       | 0.000      | 0.008      |             | 0.087  | 0.087f          |
| wb/state[1] (net)             | 3      |             |            |            | 0.000       |        |                 |
| wb/_2724_:D (DFF_X1)          |        | 0.001       | 0.000      | 0.008      |             | 0.000  | 0.087f          |
|                               |        |             |            |            |             |        |                 |
| clock (port)                  |        | 1.775       | 0.000      | 0.000      |             | 0.000  | 0.000r          |
| clock (clock net)             | 1854   |             |            |            | NA          |        |                 |
| wb/_2724_:CK (DFF_X1)         |        | 0.001       | 0.000      | 0.000      |             | 0.000  | 0.000r          |
| clock core_clock (rise edge)  |        |             |            |            |             | 0      | 0               |
| clock network delay (ideal)   |        |             |            |            |             | 0.000  | 0.000           |
| wb/_2724_:CK (DFF_X1)         |        |             |            |            |             |        | 0.000r          |
| library hold time             |        |             |            |            |             | 0.002  | 0.002           |
| clock reconvergence pessimism |        |             |            |            |             | -0.000 | 0.002           |
|                               |        |             |            |            |             |        |                 |
| path cell delay               |        |             |            |            |             |        | 0.087(100.000%) |
| path net delay                |        |             |            |            |             |        | 0.000(0.000%)   |
|                               |        |             |            |            |             |        |                 |
| data require time             |        |             |            |            |             |        | 0.002           |
| data arrival time             |        |             |            |            |             |        | 0.087           |
| slack (MET)                   |        |             |            |            |             |        | 0.085           |
+-------------------------------+--------+-------------+------------+------------+-------------+--------+-----------------+
+-------------------------------+--------+-------------+------------+------------+-------------+--------+-----------------+
| Point                         | Fanout | Capacitance | Resistance | Transition | Delta Delay | Incr   | Path            |
+-------------------------------+--------+-------------+------------+------------+-------------+--------+-----------------+
| clock (port)                  |        | 1.775       | 0.000      | 0.000      |             | 0.000  | 0.000r          |
| clock (clock net)             | 1854   |             |            |            | NA          |        |                 |
| wb/_2735_:CK (DFFR_X1)        |        | 0.001       | 0.000      | 0.000      |             | 0.000  | 0.000r          |
| clock core_clock (rise edge)  |        |             |            |            |             | 0      | 0               |
| clock network delay (ideal)   |        |             |            |            |             | 0.000  | 0.000           |
| wb/_2735_:CK (DFFR_X1)        |        | 0.001       | 0.000      | 0.000      |             | 0.000  | 0.000r          |
| wb/_2735_:Q (DFFR_X1)         |        | 0.003       | 0.000      | 0.013      |             | 0.103  | 0.103r          |
| wb/state[1] (net)             | 3      |             |            |            | 0.000       |        |                 |
| wb/_2724_:D (DFF_X1)          |        | 0.001       | 0.000      | 0.013      |             | 0.000  | 0.103r          |
|                               |        |             |            |            |             |        |                 |
| clock (port)                  |        | 1.775       | 0.000      | 0.000      |             | 0.000  | 0.000r          |
| clock (clock net)             | 1854   |             |            |            | NA          |        |                 |
| wb/_2724_:CK (DFF_X1)         |        | 0.001       | 0.000      | 0.000      |             | 0.000  | 0.000r          |
| clock core_clock (rise edge)  |        |             |            |            |             | 0      | 0               |
| clock network delay (ideal)   |        |             |            |            |             | 0.000  | 0.000           |
| wb/_2724_:CK (DFF_X1)         |        |             |            |            |             |        | 0.000r          |
| library hold time             |        |             |            |            |             | 0.007  | 0.007           |
| clock reconvergence pessimism |        |             |            |            |             | -0.000 | 0.007           |
|                               |        |             |            |            |             |        |                 |
| path cell delay               |        |             |            |            |             |        | 0.103(100.000%) |
| path net delay                |        |             |            |            |             |        | 0.000(0.000%)   |
|                               |        |             |            |            |             |        |                 |
| data require time             |        |             |            |            |             |        | 0.007           |
| data arrival time             |        |             |            |            |             |        | 0.103           |
| slack (MET)                   |        |             |            |            |             |        | 0.096           |
+-------------------------------+--------+-------------+------------+------------+-------------+--------+-----------------+
